frontend-1                   | 172.19.0.1 - - [29/Aug/2025:07:23:25 +0000] "GET /auth/logout HTTP/1.1" 302 189 "-" "Mozilla/5.0 (X11; Linux x86_64) AppleWebKit/537.36 (KHTML, like Gecko) HeadlessChrome/130.0.6723.31 Safari/537.36"
frontend-1                   | 172.19.0.1 - - [29/Aug/2025:07:23:25 +0000] "GET / HTTP/1.1" 302 209 "-" "Mozilla/5.0 (X11; Linux x86_64) AppleWebKit/537.36 (KHTML, like Gecko) HeadlessChrome/130.0.6723.31 Safari/537.36"
frontend-1                   | 172.19.0.1 - - [29/Aug/2025:07:23:25 +0000] "GET /auth/login HTTP/1.1" 302 709 "-" "Mozilla/5.0 (X11; Linux x86_64) AppleWebKit/537.36 (KHTML, like Gecko) HeadlessChrome/130.0.6723.31 Safari/537.36"
frontend-1                   | 172.19.0.1 - - [29/Aug/2025:07:23:27 +0000] "GET /auth/logout HTTP/1.1" 302 189 "-" "Mozilla/5.0 (X11; Linux x86_64) AppleWebKit/537.36 (KHTML, like Gecko) HeadlessChrome/130.0.6723.31 Safari/537.36"
frontend-1                   | 172.19.0.1 - - [29/Aug/2025:07:23:27 +0000] "GET / HTTP/1.1" 302 209 "-" "Mozilla/5.0 (X11; Linux x86_64) AppleWebKit/537.36 (KHTML, like Gecko) HeadlessChrome/130.0.6723.31 Safari/537.36"
frontend-1                   | 172.19.0.1 - - [29/Aug/2025:07:23:27 +0000] "GET /auth/login HTTP/1.1" 302 709 "-" "Mozilla/5.0 (X11; Linux x86_64) AppleWebKit/537.36 (KHTML, like Gecko) HeadlessChrome/130.0.6723.31 Safari/537.36"
tiny-oidc-1                  | INFO:root:None: GET: /health
frontend-1                   | 172.19.0.1 - - [29/Aug/2025:07:23:28 +0000] "GET / HTTP/1.1" 302 209 "-" "Mozilla/5.0 (X11; Linux x86_64) AppleWebKit/537.36 (KHTML, like Gecko) HeadlessChrome/130.0.6723.31 Safari/537.36"
tiny-oidc-1                  | INFO:werkzeug:::ffff:127.0.0.1 - - [29/Aug/2025 07:07:00] "GET /health HTTP/1.1" 200 -
certtransparency-1           | 172.19.0.4 - - [29/Aug/2025:07:33:35 +0000] "POST /api/v1/certificates/12134D2CD15B2D0F2354807A90D20EB9E53858B2B7B49B6944525785AD4B6DBE/revoke HTTP/1.1" 500 116 "-" "python-requests/2.32.5"
tiny-oidc-1                  | INFO:root:None: GET: /health
certtransparency-1           | 127.0.0.1 - - [29/Aug/2025:07:33:57 +0000] "GET /health HTTP/1.1" 200 116 "-" "python-requests/2.32.5"
tiny-oidc-1                  | INFO:werkzeug:::ffff:127.0.0.1 - - [29/Aug/2025 07:07:06] "GET /health HTTP/1.1" 200 -
tiny-oidc-1                  | INFO:root:None: GET: /health
tiny-oidc-1                  | INFO:werkzeug:::ffff:127.0.0.1 - - [29/Aug/2025 07:07:11] "GET /health HTTP/1.1" 200 -
tiny-oidc-1                  | INFO:root:None: GET: /health
tiny-oidc-1                  | INFO:werkzeug:::ffff:127.0.0.1 - - [29/Aug/2025 07:07:16] "GET /health HTTP/1.1" 200 -
frontend-1                   | 172.19.0.1 - - [29/Aug/2025:07:23:28 +0000] "GET /auth/login HTTP/1.1" 302 709 "-" "Mozilla/5.0 (X11; Linux x86_64) AppleWebKit/537.36 (KHTML, like Gecko) HeadlessChrome/130.0.6723.31 Safari/537.36"
frontend-1                   | [2025-08-29 07:23:29,301] INFO in auth: Login from {'email': 'admin@example.org', 'family_name': 'Administrator', 'given_name': 'Joe', 'groups': 'Admins,Users,service_admins', 'name': 'TheBOFH', 'preferred_username': 'admin@example.org', 'sub': 'admin'}
frontend-1                   | 172.19.0.1 - - [29/Aug/2025:07:23:29 +0000] "GET /auth/callback?code=40a5e9fa-0168-44cc-b004-e7593b09731c&state=uUlahkRdnmHJHAVn9kxcsf6DYRbdet HTTP/1.1" 302 189 "http://tiny-oidc:8000/" "Mozilla/5.0 (X11; Linux x86_64) AppleWebKit/537.36 (KHTML, like Gecko) HeadlessChrome/130.0.6723.31 Safari/537.36"
frontend-1                   | [2025-08-29 07:23:29,308] DEBUG in render_template: render_template(template=index.html, {})
frontend-1                   | 172.19.0.1 - - [29/Aug/2025:07:23:29 +0000] "GET / HTTP/1.1" 200 2827 "http://tiny-oidc:8000/" "Mozilla/5.0 (X11; Linux x86_64) AppleWebKit/537.36 (KHTML, like Gecko) HeadlessChrome/130.0.6723.31 Safari/537.36"
frontend-1                   | 172.19.0.1 - - [29/Aug/2025:07:23:29 +0000] "GET /assets/main.css HTTP/1.1" 200 0 "http://localhost/" "Mozilla/5.0 (X11; Linux x86_64) AppleWebKit/537.36 (KHTML, like Gecko) HeadlessChrome/130.0.6723.31 Safari/537.36"
frontend-1                   | 172.19.0.1 - - [29/Aug/2025:07:23:30 +0000] "GET /auth/logout HTTP/1.1" 302 189 "-" "Mozilla/5.0 (X11; Linux x86_64) AppleWebKit/537.36 (KHTML, like Gecko) HeadlessChrome/130.0.6723.31 Safari/537.36"
frontend-1                   | 172.19.0.1 - - [29/Aug/2025:07:23:30 +0000] "GET / HTTP/1.1" 302 209 "-" "Mozilla/5.0 (X11; Linux x86_64) AppleWebKit/537.36 (KHTML, like Gecko) HeadlessChrome/130.0.6723.31 Safari/537.36"
frontend-1                   | 172.19.0.1 - - [29/Aug/2025:07:23:30 +0000] "GET /auth/login HTTP/1.1" 302 709 "-" "Mozilla/5.0 (X11; Linux x86_64) AppleWebKit/537.36 (KHTML, like Gecko) HeadlessChrome/130.0.6723.31 Safari/537.36"
frontend-1                   | 172.19.0.1 - - [29/Aug/2025:07:23:32 +0000] "GET /auth/logout HTTP/1.1" 302 189 "-" "Mozilla/5.0 (X11; Linux x86_64) AppleWebKit/537.36 (KHTML, like Gecko) HeadlessChrome/130.0.6723.31 Safari/537.36"
frontend-1                   | 172.19.0.1 - - [29/Aug/2025:07:23:32 +0000] "GET / HTTP/1.1" 302 209 "-" "Mozilla/5.0 (X11; Linux x86_64) AppleWebKit/537.36 (KHTML, like Gecko) HeadlessChrome/130.0.6723.31 Safari/537.36"
frontend-1                   | 172.19.0.1 - - [29/Aug/2025:07:23:32 +0000] "GET /auth/login HTTP/1.1" 302 709 "-" "Mozilla/5.0 (X11; Linux x86_64) AppleWebKit/537.36 (KHTML, like Gecko) HeadlessChrome/130.0.6723.31 Safari/537.36"
frontend-1                   | 172.19.0.1 - - [29/Aug/2025:07:23:33 +0000] "GET /admin/certificates HTTP/1.1" 302 209 "-" "Mozilla/5.0 (X11; Linux x86_64) AppleWebKit/537.36 (KHTML, like Gecko) HeadlessChrome/130.0.6723.31 Safari/537.36"
frontend-1                   | 172.19.0.1 - - [29/Aug/2025:07:23:33 +0000] "GET /auth/login HTTP/1.1" 302 709 "-" "Mozilla/5.0 (X11; Linux x86_64) AppleWebKit/537.36 (KHTML, like Gecko) HeadlessChrome/130.0.6723.31 Safari/537.36"
frontend-1                   | 172.19.0.1 - - [29/Aug/2025:07:23:34 +0000] "GET /auth/logout HTTP/1.1" 302 189 "-" "Mozilla/5.0 (X11; Linux x86_64) AppleWebKit/537.36 (KHTML, like Gecko) HeadlessChrome/130.0.6723.31 Safari/537.36"
tiny-oidc-1                  | INFO:root:None: GET: /health
frontend-1                   | 172.19.0.1 - - [29/Aug/2025:07:23:34 +0000] "GET / HTTP/1.1" 302 209 "-" "Mozilla/5.0 (X11; Linux x86_64) AppleWebKit/537.36 (KHTML, like Gecko) HeadlessChrome/130.0.6723.31 Safari/537.36"
frontend-1                   | 172.19.0.1 - - [29/Aug/2025:07:23:34 +0000] "GET /auth/login HTTP/1.1" 302 709 "-" "Mozilla/5.0 (X11; Linux x86_64) AppleWebKit/537.36 (KHTML, like Gecko) HeadlessChrome/130.0.6723.31 Safari/537.36"
frontend-1                   | 172.19.0.1 - - [29/Aug/2025:07:23:35 +0000] "GET /auth/logout HTTP/1.1" 302 189 "-" "Mozilla/5.0 (X11; Linux x86_64) AppleWebKit/537.36 (KHTML, like Gecko) HeadlessChrome/130.0.6723.31 Safari/537.36"
frontend-1                   | 172.19.0.1 - - [29/Aug/2025:07:23:35 +0000] "GET / HTTP/1.1" 302 209 "-" "Mozilla/5.0 (X11; Linux x86_64) AppleWebKit/537.36 (KHTML, like Gecko) HeadlessChrome/130.0.6723.31 Safari/537.36"
frontend-1                   | 172.19.0.1 - - [29/Aug/2025:07:23:35 +0000] "GET /auth/login HTTP/1.1" 302 709 "-" "Mozilla/5.0 (X11; Linux x86_64) AppleWebKit/537.36 (KHTML, like Gecko) HeadlessChrome/130.0.6723.31 Safari/537.36"
frontend-1                   | 172.19.0.1 - - [29/Aug/2025:07:23:36 +0000] "GET / HTTP/1.1" 302 209 "-" "Mozilla/5.0 (X11; Linux x86_64) AppleWebKit/537.36 (KHTML, like Gecko) HeadlessChrome/130.0.6723.31 Safari/537.36"
tiny-oidc-1                  | INFO:werkzeug:::ffff:127.0.0.1 - - [29/Aug/2025 07:07:21] "GET /health HTTP/1.1" 200 -
frontend-1                   | 172.19.0.1 - - [29/Aug/2025:07:23:36 +0000] "GET /auth/login HTTP/1.1" 302 709 "-" "Mozilla/5.0 (X11; Linux x86_64) AppleWebKit/537.36 (KHTML, like Gecko) HeadlessChrome/130.0.6723.31 Safari/537.36"
tiny-oidc-1                  | INFO:root:None: GET: /health
frontend-1                   | [2025-08-29 07:23:37,697] INFO in auth: Login from {'email': 'admin@example.org', 'family_name': 'Administrator', 'given_name': 'Joe', 'groups': 'Admins,Users,service_admins', 'name': 'TheBOFH', 'preferred_username': 'admin@example.org', 'sub': 'admin'}
frontend-1                   | 172.19.0.1 - - [29/Aug/2025:07:23:37 +0000] "GET /auth/callback?code=40a5e9fa-0168-44cc-b004-e7593b09731c&state=QLP6aWa89Q9mHHboZYuK1hwWpxfnPI HTTP/1.1" 302 189 "http://tiny-oidc:8000/" "Mozilla/5.0 (X11; Linux x86_64) AppleWebKit/537.36 (KHTML, like Gecko) HeadlessChrome/130.0.6723.31 Safari/537.36"
frontend-1                   | [2025-08-29 07:23:37,703] DEBUG in render_template: render_template(template=index.html, {})
frontend-1                   | 172.19.0.1 - - [29/Aug/2025:07:23:37 +0000] "GET / HTTP/1.1" 200 2827 "http://tiny-oidc:8000/" "Mozilla/5.0 (X11; Linux x86_64) AppleWebKit/537.36 (KHTML, like Gecko) HeadlessChrome/130.0.6723.31 Safari/537.36"
frontend-1                   | 172.19.0.1 - - [29/Aug/2025:07:23:37 +0000] "GET /assets/main.css HTTP/1.1" 200 0 "http://localhost/" "Mozilla/5.0 (X11; Linux x86_64) AppleWebKit/537.36 (KHTML, like Gecko) HeadlessChrome/130.0.6723.31 Safari/537.36"
frontend-1                   | [2025-08-29 07:23:38,224] DEBUG in decorators: Checking if admin is required
frontend-1                   | [2025-08-29 07:23:38,224] DEBUG in decorators: User groups are: Admins,Users,service_admins
frontend-1                   | [2025-08-29 07:23:38,224] DEBUG in decorators: Admin group is: Admins
frontend-1                   | [2025-08-29 07:23:38,234] DEBUG in render_template: render_template(template=admin/certificates.html, {'certificates': [{'action_type': 'issued', 'certificate_purpose': 'User certificate for finance@example.org-1756452110', 'certificate_type': 'client', 'fingerprint_sha256': '2AEF75C48E267D7FECFABE9EA3546D0079721CF0B0C6CB3947E20B63B7EC2EBD', 'id': 1, 'issued_at': '2025-08-29T07:21:50.117248', 'issued_by_service': 'signing_service', 'issuer': {'common_name': '2025-08-08.openvpn.example.org', 'organization': 'OpenVPN Service'}, 'issuing_user_id': 'accounts', 'log_timestamp': '2025-08-29T07:21:50.117245', 'public_key': {'algorithm': 'Ed25519', 'size': None}, 'request_source': '172.19.0.4', 'serial_number': '6DB9C53FA7C2E96BDFCCC73355540DBA98B457AC', 'signature_algorithm': 'ed25519', 'subject': {'common_name': 'finance@example.org-1756452110', 'country': 'GB', 'locality': 'London', 'organization': 'VPN Service', 'organizational_unit': None, 'state': 'England'}, 'validity': {'not_after': '2026-08-29T07:21:50', 'not_before': '2025-08-29T07:21:50'}}], 'pagination': {'has_next': False, 'has_prev': False, 'page': 1, 'pages': 1, 'per_page': 50, 'total': 1}, 'filters': {'fingerprint': None, 'from_date': None, 'include_revoked': True, 'issuer': None, 'serial': None, 'subject': None, 'to_date': None, 'type': None}, 'stats': {'by_status': {'active': 1, 'revoked': 0}, 'by_type': {'client': 1, 'intermediate': 0, 'server': 0}, 'generated_at': '2025-08-29T07:23:38.233372+00:00', 'recent_activity': {'expiring_next_30_days': 0, 'issued_last_30_days': 1}, 'total_certificates': 1}, 'current_page': 1})
frontend-1                   | 172.19.0.1 - - [29/Aug/2025:07:23:38 +0000] "GET /admin/certificates HTTP/1.1" 200 23592 "-" "Mozilla/5.0 (X11; Linux x86_64) AppleWebKit/537.36 (KHTML, like Gecko) HeadlessChrome/130.0.6723.31 Safari/537.36"
frontend-1                   | 172.19.0.1 - - [29/Aug/2025:07:23:38 +0000] "GET /assets/main.css HTTP/1.1" 304 0 "http://localhost/admin/certificates" "Mozilla/5.0 (X11; Linux x86_64) AppleWebKit/537.36 (KHTML, like Gecko) HeadlessChrome/130.0.6723.31 Safari/537.36"
frontend-1                   | [2025-08-29 07:23:38,824] DEBUG in decorators: Checking if admin is required
frontend-1                   | [2025-08-29 07:23:38,824] DEBUG in decorators: User groups are: Admins,Users,service_admins
frontend-1                   | [2025-08-29 07:23:38,824] DEBUG in decorators: Admin group is: Admins
frontend-1                   | [2025-08-29 07:23:38,838] DEBUG in render_template: render_template(template=admin/certificates.html, {'certificates': [{'action_type': 'issued', 'certificate_purpose': 'User certificate for finance@example.org-1756452110', 'certificate_type': 'client', 'fingerprint_sha256': '2AEF75C48E267D7FECFABE9EA3546D0079721CF0B0C6CB3947E20B63B7EC2EBD', 'id': 1, 'issued_at': '2025-08-29T07:21:50.117248', 'issued_by_service': 'signing_service', 'issuer': {'common_name': '2025-08-08.openvpn.example.org', 'organization': 'OpenVPN Service'}, 'issuing_user_id': 'accounts', 'log_timestamp': '2025-08-29T07:21:50.117245', 'public_key': {'algorithm': 'Ed25519', 'size': None}, 'request_source': '172.19.0.4', 'serial_number': '6DB9C53FA7C2E96BDFCCC73355540DBA98B457AC', 'signature_algorithm': 'ed25519', 'subject': {'common_name': 'finance@example.org-1756452110', 'country': 'GB', 'locality': 'London', 'organization': 'VPN Service', 'organizational_unit': None, 'state': 'England'}, 'validity': {'not_after': '2026-08-29T07:21:50', 'not_before': '2025-08-29T07:21:50'}}], 'pagination': {'has_next': False, 'has_prev': False, 'page': 1, 'pages': 1, 'per_page': 50, 'total': 1}, 'filters': {'fingerprint': None, 'from_date': '2025-01-01', 'include_revoked': True, 'issuer': None, 'serial': None, 'subject': None, 'to_date': '2025-12-31', 'type': None}, 'stats': {'by_status': {'active': 1, 'revoked': 0}, 'by_type': {'client': 1, 'intermediate': 0, 'server': 0}, 'generated_at': '2025-08-29T07:23:38.837898+00:00', 'recent_activity': {'expiring_next_30_days': 0, 'issued_last_30_days': 1}, 'total_certificates': 1}, 'current_page': 1})
tiny-oidc-1                  | INFO:werkzeug:::ffff:127.0.0.1 - - [29/Aug/2025 07:07:26] "GET /health HTTP/1.1" 200 -
tiny-oidc-1                  | INFO:root:None: GET: /health
tiny-oidc-1                  | INFO:werkzeug:::ffff:127.0.0.1 - - [29/Aug/2025 07:07:31] "GET /health HTTP/1.1" 200 -
tiny-oidc-1                  | INFO:root:None: GET: /health
tiny-oidc-1                  | INFO:werkzeug:::ffff:127.0.0.1 - - [29/Aug/2025 07:07:36] "GET /health HTTP/1.1" 200 -
tiny-oidc-1                  | INFO:root:None: GET: /health
tiny-oidc-1                  | INFO:werkzeug:::ffff:127.0.0.1 - - [29/Aug/2025 07:07:41] "GET /health HTTP/1.1" 200 -
tiny-oidc-1                  | INFO:root:None: GET: /health
tiny-oidc-1                  | INFO:werkzeug:::ffff:127.0.0.1 - - [29/Aug/2025 07:07:46] "GET /health HTTP/1.1" 200 -
tiny-oidc-1                  | INFO:root:None: GET: /health
tiny-oidc-1                  | INFO:werkzeug:::ffff:127.0.0.1 - - [29/Aug/2025 07:07:51] "GET /health HTTP/1.1" 200 -
tiny-oidc-1                  | INFO:root:None: GET: /health
tiny-oidc-1                  | INFO:werkzeug:::ffff:127.0.0.1 - - [29/Aug/2025 07:07:56] "GET /health HTTP/1.1" 200 -
tiny-oidc-1                  | INFO:root:None: GET: /health
tiny-oidc-1                  | INFO:werkzeug:::ffff:127.0.0.1 - - [29/Aug/2025 07:08:01] "GET /health HTTP/1.1" 200 -
tiny-oidc-1                  | INFO:root:None: GET: /health
tiny-oidc-1                  | INFO:werkzeug:::ffff:127.0.0.1 - - [29/Aug/2025 07:08:06] "GET /health HTTP/1.1" 200 -
tiny-oidc-1                  | INFO:root:None: GET: /health
tiny-oidc-1                  | INFO:werkzeug:::ffff:127.0.0.1 - - [29/Aug/2025 07:08:11] "GET /health HTTP/1.1" 200 -
tiny-oidc-1                  | INFO:root:None: GET: /health
tiny-oidc-1                  | INFO:werkzeug:::ffff:127.0.0.1 - - [29/Aug/2025 07:08:16] "GET /health HTTP/1.1" 200 -
tiny-oidc-1                  | INFO:root:None: GET: /health
tiny-oidc-1                  | INFO:werkzeug:::ffff:127.0.0.1 - - [29/Aug/2025 07:08:21] "GET /health HTTP/1.1" 200 -
tiny-oidc-1                  | INFO:root:None: GET: /health
tiny-oidc-1                  | INFO:werkzeug:::ffff:127.0.0.1 - - [29/Aug/2025 07:08:26] "GET /health HTTP/1.1" 200 -
tiny-oidc-1                  | INFO:root:None: GET: /health
tiny-oidc-1                  | INFO:werkzeug:::ffff:127.0.0.1 - - [29/Aug/2025 07:08:31] "GET /health HTTP/1.1" 200 -
tiny-oidc-1                  | INFO:root:None: GET: /health
tiny-oidc-1                  | INFO:werkzeug:::ffff:127.0.0.1 - - [29/Aug/2025 07:08:36] "GET /health HTTP/1.1" 200 -
tiny-oidc-1                  | INFO:root:None: GET: /health
tiny-oidc-1                  | INFO:werkzeug:::ffff:127.0.0.1 - - [29/Aug/2025 07:08:42] "GET /health HTTP/1.1" 200 -
tiny-oidc-1                  | INFO:root:None: GET: /health
tiny-oidc-1                  | INFO:werkzeug:::ffff:127.0.0.1 - - [29/Aug/2025 07:08:47] "GET /health HTTP/1.1" 200 -
tiny-oidc-1                  | INFO:root:None: GET: /health
tiny-oidc-1                  | INFO:werkzeug:::ffff:127.0.0.1 - - [29/Aug/2025 07:08:52] "GET /health HTTP/1.1" 200 -
certtransparency-1           | 172.19.0.2 - - [29/Aug/2025:07:34:20 +0000] "GET /api/v1/certificates?page=1&limit=50 HTTP/1.1" 200 21450 "-" "python-requests/2.32.5"
certtransparency-1           | 172.19.0.2 - - [29/Aug/2025:07:34:20 +0000] "GET /api/v1/statistics HTTP/1.1" 200 309 "-" "python-requests/2.32.5"
certtransparency-1           | 127.0.0.1 - - [29/Aug/2025:07:34:28 +0000] "GET /health HTTP/1.1" 200 116 "-" "python-requests/2.32.5"
certtransparency-1           | [2025-08-29 07:34:30,885] DEBUG in decorators: API authentication successful for request from 172.19.0.4
certtransparency-1           | 172.19.0.4 - - [29/Aug/2025:07:34:30 +0000] "POST /api/v1/certificates HTTP/1.1" 201 1270 "-" "python-requests/2.32.5"
certtransparency-1           | [2025-08-29 07:34:35,818] DEBUG in decorators: API authentication successful for request from 172.19.0.4
certtransparency-1           | 172.19.0.4 - - [29/Aug/2025:07:34:35 +0000] "POST /api/v1/certificates HTTP/1.1" 201 1270 "-" "python-requests/2.32.5"
certtransparency-1           | [2025-08-29 07:34:40,733] DEBUG in decorators: API authentication successful for request from 172.19.0.4
certtransparency-1           | 172.19.0.4 - - [29/Aug/2025:07:34:40 +0000] "POST /api/v1/certificates HTTP/1.1" 201 1270 "-" "python-requests/2.32.5"
certtransparency-1           | 127.0.0.1 - - [29/Aug/2025:07:34:58 +0000] "GET /health HTTP/1.1" 200 116 "-" "python-requests/2.32.5"
certtransparency-1           | 172.19.0.2 - - [29/Aug/2025:07:35:26 +0000] "GET /api/v1/certificates/12134D2CD15B2D0F2354807A90D20EB9E53858B2B7B49B6944525785AD4B6DBE?include_pem=true HTTP/1.1" 200 1790 "-" "python-requests/2.32.5"
certtransparency-1           | 127.0.0.1 - - [29/Aug/2025:07:35:28 +0000] "GET /health HTTP/1.1" 200 116 "-" "python-requests/2.32.5"
certtransparency-1           | 127.0.0.1 - - [29/Aug/2025:07:35:58 +0000] "GET /health HTTP/1.1" 200 116 "-" "python-requests/2.32.5"
certtransparency-1           | 127.0.0.1 - - [29/Aug/2025:07:36:28 +0000] "GET /health HTTP/1.1" 200 116 "-" "python-requests/2.32.5"
certtransparency-1           | 127.0.0.1 - - [29/Aug/2025:07:36:58 +0000] "GET /health HTTP/1.1" 200 116 "-" "python-requests/2.32.5"
frontend-1                   | 172.19.0.1 - - [29/Aug/2025:07:23:38 +0000] "GET /admin/certificates?type=&subject=&issuer=&from_date=2025-01-01&to_date=2025-12-31&include_revoked=true HTTP/1.1" 200 23612 "http://localhost/admin/certificates" "Mozilla/5.0 (X11; Linux x86_64) AppleWebKit/537.36 (KHTML, like Gecko) HeadlessChrome/130.0.6723.31 Safari/537.36"
frontend-1                   | 172.19.0.1 - - [29/Aug/2025:07:23:38 +0000] "GET /assets/main.css HTTP/1.1" 304 0 "http://localhost/admin/certificates?type=&subject=&issuer=&from_date=2025-01-01&to_date=2025-12-31&include_revoked=true" "Mozilla/5.0 (X11; Linux x86_64) AppleWebKit/537.36 (KHTML, like Gecko) HeadlessChrome/130.0.6723.31 Safari/537.36"
frontend-1                   | 172.19.0.1 - - [29/Aug/2025:07:23:39 +0000] "GET /auth/logout HTTP/1.1" 302 189 "-" "Mozilla/5.0 (X11; Linux x86_64) AppleWebKit/537.36 (KHTML, like Gecko) HeadlessChrome/130.0.6723.31 Safari/537.36"
frontend-1                   | 172.19.0.1 - - [29/Aug/2025:07:23:39 +0000] "GET / HTTP/1.1" 302 209 "-" "Mozilla/5.0 (X11; Linux x86_64) AppleWebKit/537.36 (KHTML, like Gecko) HeadlessChrome/130.0.6723.31 Safari/537.36"
frontend-1                   | 172.19.0.1 - - [29/Aug/2025:07:23:39 +0000] "GET /auth/login HTTP/1.1" 302 709 "-" "Mozilla/5.0 (X11; Linux x86_64) AppleWebKit/537.36 (KHTML, like Gecko) HeadlessChrome/130.0.6723.31 Safari/537.36"
frontend-1                   | 172.19.0.1 - - [29/Aug/2025:07:23:41 +0000] "GET /auth/logout HTTP/1.1" 302 189 "-" "Mozilla/5.0 (X11; Linux x86_64) AppleWebKit/537.36 (KHTML, like Gecko) HeadlessChrome/130.0.6723.31 Safari/537.36"
frontend-1                   | 172.19.0.1 - - [29/Aug/2025:07:23:41 +0000] "GET / HTTP/1.1" 302 209 "-" "Mozilla/5.0 (X11; Linux x86_64) AppleWebKit/537.36 (KHTML, like Gecko) HeadlessChrome/130.0.6723.31 Safari/537.36"
frontend-1                   | 172.19.0.1 - - [29/Aug/2025:07:23:41 +0000] "GET /auth/login HTTP/1.1" 302 709 "-" "Mozilla/5.0 (X11; Linux x86_64) AppleWebKit/537.36 (KHTML, like Gecko) HeadlessChrome/130.0.6723.31 Safari/537.36"
frontend-1                   | 172.19.0.1 - - [29/Aug/2025:07:23:42 +0000] "GET / HTTP/1.1" 302 209 "-" "Mozilla/5.0 (X11; Linux x86_64) AppleWebKit/537.36 (KHTML, like Gecko) HeadlessChrome/130.0.6723.31 Safari/537.36"
frontend-1                   | 172.19.0.1 - - [29/Aug/2025:07:23:42 +0000] "GET /auth/login HTTP/1.1" 302 709 "-" "Mozilla/5.0 (X11; Linux x86_64) AppleWebKit/537.36 (KHTML, like Gecko) HeadlessChrome/130.0.6723.31 Safari/537.36"
frontend-1                   | [2025-08-29 07:23:43,362] INFO in auth: Login from {'email': 'admin@example.org', 'family_name': 'Administrator', 'given_name': 'Joe', 'groups': 'Admins,Users,service_admins', 'name': 'TheBOFH', 'preferred_username': 'admin@example.org', 'sub': 'admin'}
frontend-1                   | 172.19.0.1 - - [29/Aug/2025:07:23:43 +0000] "GET /auth/callback?code=40a5e9fa-0168-44cc-b004-e7593b09731c&state=UxKPm7VC42QrJecamWiyWJpFZVGdI7 HTTP/1.1" 302 189 "http://tiny-oidc:8000/" "Mozilla/5.0 (X11; Linux x86_64) AppleWebKit/537.36 (KHTML, like Gecko) HeadlessChrome/130.0.6723.31 Safari/537.36"
frontend-1                   | [2025-08-29 07:23:43,368] DEBUG in render_template: render_template(template=index.html, {})
frontend-1                   | 172.19.0.1 - - [29/Aug/2025:07:23:43 +0000] "GET / HTTP/1.1" 200 2827 "http://tiny-oidc:8000/" "Mozilla/5.0 (X11; Linux x86_64) AppleWebKit/537.36 (KHTML, like Gecko) HeadlessChrome/130.0.6723.31 Safari/537.36"
frontend-1                   | 172.19.0.1 - - [29/Aug/2025:07:23:43 +0000] "GET /assets/main.css HTTP/1.1" 200 0 "http://localhost/" "Mozilla/5.0 (X11; Linux x86_64) AppleWebKit/537.36 (KHTML, like Gecko) HeadlessChrome/130.0.6723.31 Safari/537.36"
frontend-1                   | [2025-08-29 07:23:43,888] DEBUG in decorators: Checking if admin is required
frontend-1                   | [2025-08-29 07:23:43,888] DEBUG in decorators: User groups are: Admins,Users,service_admins
frontend-1                   | [2025-08-29 07:23:43,888] DEBUG in decorators: Admin group is: Admins
frontend-1                   | [2025-08-29 07:23:43,897] DEBUG in render_template: render_template(template=admin/certificates.html, {'certificates': [{'action_type': 'issued', 'certificate_purpose': 'User certificate for finance@example.org-1756452110', 'certificate_type': 'client', 'fingerprint_sha256': '2AEF75C48E267D7FECFABE9EA3546D0079721CF0B0C6CB3947E20B63B7EC2EBD', 'id': 1, 'issued_at': '2025-08-29T07:21:50.117248', 'issued_by_service': 'signing_service', 'issuer': {'common_name': '2025-08-08.openvpn.example.org', 'organization': 'OpenVPN Service'}, 'issuing_user_id': 'accounts', 'log_timestamp': '2025-08-29T07:21:50.117245', 'public_key': {'algorithm': 'Ed25519', 'size': None}, 'request_source': '172.19.0.4', 'serial_number': '6DB9C53FA7C2E96BDFCCC73355540DBA98B457AC', 'signature_algorithm': 'ed25519', 'subject': {'common_name': 'finance@example.org-1756452110', 'country': 'GB', 'locality': 'London', 'organization': 'VPN Service', 'organizational_unit': None, 'state': 'England'}, 'validity': {'not_after': '2026-08-29T07:21:50', 'not_before': '2025-08-29T07:21:50'}}], 'pagination': {'has_next': False, 'has_prev': False, 'page': 1, 'pages': 1, 'per_page': 50, 'total': 1}, 'filters': {'fingerprint': None, 'from_date': None, 'include_revoked': True, 'issuer': None, 'serial': None, 'subject': None, 'to_date': None, 'type': None}, 'stats': {'by_status': {'active': 1, 'revoked': 0}, 'by_type': {'client': 1, 'intermediate': 0, 'server': 0}, 'generated_at': '2025-08-29T07:23:43.896579+00:00', 'recent_activity': {'expiring_next_30_days': 0, 'issued_last_30_days': 1}, 'total_certificates': 1}, 'current_page': 1})
frontend-1                   | 172.19.0.1 - - [29/Aug/2025:07:23:43 +0000] "GET /admin/certificates HTTP/1.1" 200 23592 "-" "Mozilla/5.0 (X11; Linux x86_64) AppleWebKit/537.36 (KHTML, like Gecko) HeadlessChrome/130.0.6723.31 Safari/537.36"
frontend-1                   | 172.19.0.1 - - [29/Aug/2025:07:23:43 +0000] "GET /assets/main.css HTTP/1.1" 304 0 "http://localhost/admin/certificates" "Mozilla/5.0 (X11; Linux x86_64) AppleWebKit/537.36 (KHTML, like Gecko) HeadlessChrome/130.0.6723.31 Safari/537.36"
frontend-1                   | [2025-08-29 07:23:44,473] DEBUG in decorators: Checking if admin is required
frontend-1                   | [2025-08-29 07:23:44,473] DEBUG in decorators: User groups are: Admins,Users,service_admins
frontend-1                   | [2025-08-29 07:23:44,473] DEBUG in decorators: Admin group is: Admins
tiny-oidc-1                  | INFO:root:None: GET: /health
tiny-oidc-1                  | INFO:werkzeug:::ffff:127.0.0.1 - - [29/Aug/2025 07:08:57] "GET /health HTTP/1.1" 200 -
tiny-oidc-1                  | INFO:root:None: GET: /health
tiny-oidc-1                  | INFO:werkzeug:::ffff:127.0.0.1 - - [29/Aug/2025 07:09:02] "GET /health HTTP/1.1" 200 -
tiny-oidc-1                  | INFO:root:None: GET: /health
tiny-oidc-1                  | INFO:werkzeug:::ffff:127.0.0.1 - - [29/Aug/2025 07:09:07] "GET /health HTTP/1.1" 200 -
tiny-oidc-1                  | INFO:root:None: GET: /health
tiny-oidc-1                  | INFO:werkzeug:::ffff:127.0.0.1 - - [29/Aug/2025 07:09:12] "GET /health HTTP/1.1" 200 -
tiny-oidc-1                  | INFO:root:None: GET: /health
tiny-oidc-1                  | INFO:werkzeug:::ffff:127.0.0.1 - - [29/Aug/2025 07:09:17] "GET /health HTTP/1.1" 200 -
frontend-1                   | [2025-08-29 07:23:44,486] DEBUG in render_template: render_template(template=admin/certificates.html, {'certificates': [{'action_type': 'issued', 'certificate_purpose': 'User certificate for finance@example.org-1756452110', 'certificate_type': 'client', 'fingerprint_sha256': '2AEF75C48E267D7FECFABE9EA3546D0079721CF0B0C6CB3947E20B63B7EC2EBD', 'id': 1, 'issued_at': '2025-08-29T07:21:50.117248', 'issued_by_service': 'signing_service', 'issuer': {'common_name': '2025-08-08.openvpn.example.org', 'organization': 'OpenVPN Service'}, 'issuing_user_id': 'accounts', 'log_timestamp': '2025-08-29T07:21:50.117245', 'public_key': {'algorithm': 'Ed25519', 'size': None}, 'request_source': '172.19.0.4', 'serial_number': '6DB9C53FA7C2E96BDFCCC73355540DBA98B457AC', 'signature_algorithm': 'ed25519', 'subject': {'common_name': 'finance@example.org-1756452110', 'country': 'GB', 'locality': 'London', 'organization': 'VPN Service', 'organizational_unit': None, 'state': 'England'}, 'validity': {'not_after': '2026-08-29T07:21:50', 'not_before': '2025-08-29T07:21:50'}}], 'pagination': {'has_next': False, 'has_prev': False, 'page': 1, 'pages': 1, 'per_page': 50, 'total': 1}, 'filters': {'fingerprint': None, 'from_date': None, 'include_revoked': False, 'issuer': None, 'serial': None, 'subject': None, 'to_date': None, 'type': None}, 'stats': {'by_status': {'active': 1, 'revoked': 0}, 'by_type': {'client': 1, 'intermediate': 0, 'server': 0}, 'generated_at': '2025-08-29T07:23:44.485345+00:00', 'recent_activity': {'expiring_next_30_days': 0, 'issued_last_30_days': 1}, 'total_certificates': 1}, 'current_page': 1})
tiny-oidc-1                  | INFO:root:None: GET: /health
frontend-1                   | 172.19.0.1 - - [29/Aug/2025:07:23:44 +0000] "GET /admin/certificates?type=&subject=&issuer=&from_date=&to_date=&include_revoked=false HTTP/1.1" 200 23592 "http://localhost/admin/certificates" "Mozilla/5.0 (X11; Linux x86_64) AppleWebKit/537.36 (KHTML, like Gecko) HeadlessChrome/130.0.6723.31 Safari/537.36"
frontend-1                   | 172.19.0.1 - - [29/Aug/2025:07:23:44 +0000] "GET /assets/main.css HTTP/1.1" 304 0 "http://localhost/admin/certificates?type=&subject=&issuer=&from_date=&to_date=&include_revoked=false" "Mozilla/5.0 (X11; Linux x86_64) AppleWebKit/537.36 (KHTML, like Gecko) HeadlessChrome/130.0.6723.31 Safari/537.36"
frontend-1                   | 172.19.0.1 - - [29/Aug/2025:07:23:45 +0000] "GET /auth/logout HTTP/1.1" 302 189 "-" "Mozilla/5.0 (X11; Linux x86_64) AppleWebKit/537.36 (KHTML, like Gecko) HeadlessChrome/130.0.6723.31 Safari/537.36"
frontend-1                   | 172.19.0.1 - - [29/Aug/2025:07:23:45 +0000] "GET / HTTP/1.1" 302 209 "-" "Mozilla/5.0 (X11; Linux x86_64) AppleWebKit/537.36 (KHTML, like Gecko) HeadlessChrome/130.0.6723.31 Safari/537.36"
frontend-1                   | 172.19.0.1 - - [29/Aug/2025:07:23:45 +0000] "GET /auth/login HTTP/1.1" 302 709 "-" "Mozilla/5.0 (X11; Linux x86_64) AppleWebKit/537.36 (KHTML, like Gecko) HeadlessChrome/130.0.6723.31 Safari/537.36"
frontend-1                   | 172.19.0.1 - - [29/Aug/2025:07:23:47 +0000] "GET /auth/logout HTTP/1.1" 302 189 "-" "Mozilla/5.0 (X11; Linux x86_64) AppleWebKit/537.36 (KHTML, like Gecko) HeadlessChrome/130.0.6723.31 Safari/537.36"
frontend-1                   | 172.19.0.1 - - [29/Aug/2025:07:23:47 +0000] "GET / HTTP/1.1" 302 209 "-" "Mozilla/5.0 (X11; Linux x86_64) AppleWebKit/537.36 (KHTML, like Gecko) HeadlessChrome/130.0.6723.31 Safari/537.36"
frontend-1                   | 172.19.0.1 - - [29/Aug/2025:07:23:47 +0000] "GET /auth/login HTTP/1.1" 302 709 "-" "Mozilla/5.0 (X11; Linux x86_64) AppleWebKit/537.36 (KHTML, like Gecko) HeadlessChrome/130.0.6723.31 Safari/537.36"
frontend-1                   | 172.19.0.1 - - [29/Aug/2025:07:23:48 +0000] "GET / HTTP/1.1" 302 209 "-" "Mozilla/5.0 (X11; Linux x86_64) AppleWebKit/537.36 (KHTML, like Gecko) HeadlessChrome/130.0.6723.31 Safari/537.36"
frontend-1                   | 172.19.0.1 - - [29/Aug/2025:07:23:48 +0000] "GET /auth/login HTTP/1.1" 302 709 "-" "Mozilla/5.0 (X11; Linux x86_64) AppleWebKit/537.36 (KHTML, like Gecko) HeadlessChrome/130.0.6723.31 Safari/537.36"
frontend-1                   | [2025-08-29 07:23:49,020] INFO in auth: Login from {'email': 'admin@example.org', 'family_name': 'Administrator', 'given_name': 'Joe', 'groups': 'Admins,Users,service_admins', 'name': 'TheBOFH', 'preferred_username': 'admin@example.org', 'sub': 'admin'}
frontend-1                   | 172.19.0.1 - - [29/Aug/2025:07:23:49 +0000] "GET /auth/callback?code=40a5e9fa-0168-44cc-b004-e7593b09731c&state=slDT678lu2RTSf7UjJ4oFAiFrWfIBL HTTP/1.1" 302 189 "http://tiny-oidc:8000/" "Mozilla/5.0 (X11; Linux x86_64) AppleWebKit/537.36 (KHTML, like Gecko) HeadlessChrome/130.0.6723.31 Safari/537.36"
frontend-1                   | [2025-08-29 07:23:49,026] DEBUG in render_template: render_template(template=index.html, {})
frontend-1                   | 172.19.0.1 - - [29/Aug/2025:07:23:49 +0000] "GET / HTTP/1.1" 200 2827 "http://tiny-oidc:8000/" "Mozilla/5.0 (X11; Linux x86_64) AppleWebKit/537.36 (KHTML, like Gecko) HeadlessChrome/130.0.6723.31 Safari/537.36"
frontend-1                   | 172.19.0.1 - - [29/Aug/2025:07:23:49 +0000] "GET /assets/main.css HTTP/1.1" 200 0 "http://localhost/" "Mozilla/5.0 (X11; Linux x86_64) AppleWebKit/537.36 (KHTML, like Gecko) HeadlessChrome/130.0.6723.31 Safari/537.36"
frontend-1                   | [2025-08-29 07:23:49,547] DEBUG in decorators: Checking if admin is required
frontend-1                   | [2025-08-29 07:23:49,547] DEBUG in decorators: User groups are: Admins,Users,service_admins
frontend-1                   | [2025-08-29 07:23:49,547] DEBUG in decorators: Admin group is: Admins
frontend-1                   | [2025-08-29 07:23:49,548] DEBUG in render_template: render_template(template=admin/psk_list.html, {'keys': []})
frontend-1                   | 172.19.0.1 - - [29/Aug/2025:07:23:49 +0000] "GET /admin/psk HTTP/1.1" 200 11022 "-" "Mozilla/5.0 (X11; Linux x86_64) AppleWebKit/537.36 (KHTML, like Gecko) HeadlessChrome/130.0.6723.31 Safari/537.36"
frontend-1                   | 172.19.0.1 - - [29/Aug/2025:07:23:49 +0000] "GET /assets/main.css HTTP/1.1" 304 0 "http://localhost/admin/psk" "Mozilla/5.0 (X11; Linux x86_64) AppleWebKit/537.36 (KHTML, like Gecko) HeadlessChrome/130.0.6723.31 Safari/537.36"
frontend-1                   | 172.19.0.1 - - [29/Aug/2025:07:23:50 +0000] "GET /auth/logout HTTP/1.1" 302 189 "-" "Mozilla/5.0 (X11; Linux x86_64) AppleWebKit/537.36 (KHTML, like Gecko) HeadlessChrome/130.0.6723.31 Safari/537.36"
frontend-1                   | 172.19.0.1 - - [29/Aug/2025:07:23:50 +0000] "GET / HTTP/1.1" 302 209 "-" "Mozilla/5.0 (X11; Linux x86_64) AppleWebKit/537.36 (KHTML, like Gecko) HeadlessChrome/130.0.6723.31 Safari/537.36"
frontend-1                   | 172.19.0.1 - - [29/Aug/2025:07:23:50 +0000] "GET /auth/login HTTP/1.1" 302 709 "-" "Mozilla/5.0 (X11; Linux x86_64) AppleWebKit/537.36 (KHTML, like Gecko) HeadlessChrome/130.0.6723.31 Safari/537.36"
frontend-1                   | 172.19.0.1 - - [29/Aug/2025:07:23:52 +0000] "GET /auth/logout HTTP/1.1" 302 189 "-" "Mozilla/5.0 (X11; Linux x86_64) AppleWebKit/537.36 (KHTML, like Gecko) HeadlessChrome/130.0.6723.31 Safari/537.36"
frontend-1                   | 172.19.0.1 - - [29/Aug/2025:07:23:52 +0000] "GET / HTTP/1.1" 302 209 "-" "Mozilla/5.0 (X11; Linux x86_64) AppleWebKit/537.36 (KHTML, like Gecko) HeadlessChrome/130.0.6723.31 Safari/537.36"
frontend-1                   | 172.19.0.1 - - [29/Aug/2025:07:23:52 +0000] "GET /auth/login HTTP/1.1" 302 709 "-" "Mozilla/5.0 (X11; Linux x86_64) AppleWebKit/537.36 (KHTML, like Gecko) HeadlessChrome/130.0.6723.31 Safari/537.36"
frontend-1                   | 172.19.0.1 - - [29/Aug/2025:07:23:53 +0000] "GET / HTTP/1.1" 302 209 "-" "Mozilla/5.0 (X11; Linux x86_64) AppleWebKit/537.36 (KHTML, like Gecko) HeadlessChrome/130.0.6723.31 Safari/537.36"
frontend-1                   | 172.19.0.1 - - [29/Aug/2025:07:23:53 +0000] "GET /auth/login HTTP/1.1" 302 709 "-" "Mozilla/5.0 (X11; Linux x86_64) AppleWebKit/537.36 (KHTML, like Gecko) HeadlessChrome/130.0.6723.31 Safari/537.36"
frontend-1                   | [2025-08-29 07:23:54,249] INFO in auth: Login from {'email': 'admin@example.org', 'family_name': 'Administrator', 'given_name': 'Joe', 'groups': 'Admins,Users,service_admins', 'name': 'TheBOFH', 'preferred_username': 'admin@example.org', 'sub': 'admin'}
frontend-1                   | 172.19.0.1 - - [29/Aug/2025:07:23:54 +0000] "GET /auth/callback?code=40a5e9fa-0168-44cc-b004-e7593b09731c&state=5qHcyLXeamFTXjIPMvf4sH8kCc6HVD HTTP/1.1" 302 189 "http://tiny-oidc:8000/" "Mozilla/5.0 (X11; Linux x86_64) AppleWebKit/537.36 (KHTML, like Gecko) HeadlessChrome/130.0.6723.31 Safari/537.36"
frontend-1                   | [2025-08-29 07:23:54,254] DEBUG in render_template: render_template(template=index.html, {})
frontend-1                   | 172.19.0.1 - - [29/Aug/2025:07:23:54 +0000] "GET / HTTP/1.1" 200 2827 "http://tiny-oidc:8000/" "Mozilla/5.0 (X11; Linux x86_64) AppleWebKit/537.36 (KHTML, like Gecko) HeadlessChrome/130.0.6723.31 Safari/537.36"
frontend-1                   | 172.19.0.1 - - [29/Aug/2025:07:23:54 +0000] "GET /assets/main.css HTTP/1.1" 200 0 "http://localhost/" "Mozilla/5.0 (X11; Linux x86_64) AppleWebKit/537.36 (KHTML, like Gecko) HeadlessChrome/130.0.6723.31 Safari/537.36"
frontend-1                   | [2025-08-29 07:23:54,773] DEBUG in decorators: Checking if admin is required
frontend-1                   | [2025-08-29 07:23:54,773] DEBUG in decorators: User groups are: Admins,Users,service_admins
frontend-1                   | [2025-08-29 07:23:54,773] DEBUG in decorators: Admin group is: Admins
frontend-1                   | [2025-08-29 07:23:54,774] DEBUG in render_template: render_template(template=admin/psk_list.html, {'keys': []})
frontend-1                   | 172.19.0.1 - - [29/Aug/2025:07:23:54 +0000] "GET /admin/psk HTTP/1.1" 200 11022 "-" "Mozilla/5.0 (X11; Linux x86_64) AppleWebKit/537.36 (KHTML, like Gecko) HeadlessChrome/130.0.6723.31 Safari/537.36"
frontend-1                   | 172.19.0.1 - - [29/Aug/2025:07:23:54 +0000] "GET /assets/main.css HTTP/1.1" 304 0 "http://localhost/admin/psk" "Mozilla/5.0 (X11; Linux x86_64) AppleWebKit/537.36 (KHTML, like Gecko) HeadlessChrome/130.0.6723.31 Safari/537.36"
frontend-1                   | 172.19.0.1 - - [29/Aug/2025:07:23:55 +0000] "GET /auth/logout HTTP/1.1" 302 189 "-" "Mozilla/5.0 (X11; Linux x86_64) AppleWebKit/537.36 (KHTML, like Gecko) HeadlessChrome/130.0.6723.31 Safari/537.36"
frontend-1                   | 172.19.0.1 - - [29/Aug/2025:07:23:55 +0000] "GET / HTTP/1.1" 302 209 "-" "Mozilla/5.0 (X11; Linux x86_64) AppleWebKit/537.36 (KHTML, like Gecko) HeadlessChrome/130.0.6723.31 Safari/537.36"
frontend-1                   | 172.19.0.1 - - [29/Aug/2025:07:23:55 +0000] "GET /auth/login HTTP/1.1" 302 709 "-" "Mozilla/5.0 (X11; Linux x86_64) AppleWebKit/537.36 (KHTML, like Gecko) HeadlessChrome/130.0.6723.31 Safari/537.36"
frontend-1                   | 172.19.0.1 - - [29/Aug/2025:07:23:57 +0000] "GET /auth/logout HTTP/1.1" 302 189 "-" "Mozilla/5.0 (X11; Linux x86_64) AppleWebKit/537.36 (KHTML, like Gecko) HeadlessChrome/130.0.6723.31 Safari/537.36"
frontend-1                   | 172.19.0.1 - - [29/Aug/2025:07:23:57 +0000] "GET / HTTP/1.1" 302 209 "-" "Mozilla/5.0 (X11; Linux x86_64) AppleWebKit/537.36 (KHTML, like Gecko) HeadlessChrome/130.0.6723.31 Safari/537.36"
frontend-1                   | 172.19.0.1 - - [29/Aug/2025:07:23:57 +0000] "GET /auth/login HTTP/1.1" 302 709 "-" "Mozilla/5.0 (X11; Linux x86_64) AppleWebKit/537.36 (KHTML, like Gecko) HeadlessChrome/130.0.6723.31 Safari/537.36"
frontend-1                   | 172.19.0.1 - - [29/Aug/2025:07:23:58 +0000] "GET / HTTP/1.1" 302 209 "-" "Mozilla/5.0 (X11; Linux x86_64) AppleWebKit/537.36 (KHTML, like Gecko) HeadlessChrome/130.0.6723.31 Safari/537.36"
frontend-1                   | 172.19.0.1 - - [29/Aug/2025:07:23:58 +0000] "GET /auth/login HTTP/1.1" 302 709 "-" "Mozilla/5.0 (X11; Linux x86_64) AppleWebKit/537.36 (KHTML, like Gecko) HeadlessChrome/130.0.6723.31 Safari/537.36"
frontend-1                   | [2025-08-29 07:23:59,328] INFO in auth: Login from {'email': 'admin@example.org', 'family_name': 'Administrator', 'given_name': 'Joe', 'groups': 'Admins,Users,service_admins', 'name': 'TheBOFH', 'preferred_username': 'admin@example.org', 'sub': 'admin'}
tiny-oidc-1                  | INFO:werkzeug:::ffff:127.0.0.1 - - [29/Aug/2025 07:09:22] "GET /health HTTP/1.1" 200 -
tiny-oidc-1                  | INFO:root:None: GET: /health
tiny-oidc-1                  | INFO:werkzeug:::ffff:127.0.0.1 - - [29/Aug/2025 07:09:27] "GET /health HTTP/1.1" 200 -
tiny-oidc-1                  | INFO:root:None: GET: /health
tiny-oidc-1                  | INFO:werkzeug:::ffff:127.0.0.1 - - [29/Aug/2025 07:09:32] "GET /health HTTP/1.1" 200 -
tiny-oidc-1                  | INFO:root:None: GET: /health
tiny-oidc-1                  | INFO:werkzeug:::ffff:127.0.0.1 - - [29/Aug/2025 07:09:37] "GET /health HTTP/1.1" 200 -
tiny-oidc-1                  | INFO:root:None: GET: /health
tiny-oidc-1                  | INFO:werkzeug:::ffff:127.0.0.1 - - [29/Aug/2025 07:09:42] "GET /health HTTP/1.1" 200 -
tiny-oidc-1                  | INFO:root:None: GET: /health
tiny-oidc-1                  | INFO:werkzeug:::ffff:127.0.0.1 - - [29/Aug/2025 07:09:47] "GET /health HTTP/1.1" 200 -
tiny-oidc-1                  | INFO:root:None: GET: /health
tiny-oidc-1                  | INFO:werkzeug:::ffff:127.0.0.1 - - [29/Aug/2025 07:09:52] "GET /health HTTP/1.1" 200 -
tiny-oidc-1                  | INFO:root:None: GET: /health
tiny-oidc-1                  | INFO:werkzeug:::ffff:127.0.0.1 - - [29/Aug/2025 07:09:57] "GET /health HTTP/1.1" 200 -
tiny-oidc-1                  | INFO:root:None: GET: /health
tiny-oidc-1                  | INFO:werkzeug:::ffff:127.0.0.1 - - [29/Aug/2025 07:10:02] "GET /health HTTP/1.1" 200 -
tiny-oidc-1                  | INFO:root:None: GET: /health
tiny-oidc-1                  | INFO:werkzeug:::ffff:127.0.0.1 - - [29/Aug/2025 07:10:07] "GET /health HTTP/1.1" 200 -
tiny-oidc-1                  | INFO:root:None: GET: /health
tiny-oidc-1                  | INFO:werkzeug:::ffff:127.0.0.1 - - [29/Aug/2025 07:10:13] "GET /health HTTP/1.1" 200 -
tiny-oidc-1                  | INFO:root:None: GET: /health
tiny-oidc-1                  | INFO:werkzeug:::ffff:127.0.0.1 - - [29/Aug/2025 07:10:18] "GET /health HTTP/1.1" 200 -
tiny-oidc-1                  | INFO:root:None: GET: /health
tiny-oidc-1                  | INFO:werkzeug:::ffff:127.0.0.1 - - [29/Aug/2025 07:10:23] "GET /health HTTP/1.1" 200 -
tiny-oidc-1                  | INFO:root:None: GET: /health
tiny-oidc-1                  | INFO:werkzeug:::ffff:127.0.0.1 - - [29/Aug/2025 07:10:28] "GET /health HTTP/1.1" 200 -
frontend-1                   | 172.19.0.1 - - [29/Aug/2025:07:23:59 +0000] "GET /auth/callback?code=40a5e9fa-0168-44cc-b004-e7593b09731c&state=Eb8bejn8b17eKcCS6ibXS1A2vWKJsR HTTP/1.1" 302 189 "http://tiny-oidc:8000/" "Mozilla/5.0 (X11; Linux x86_64) AppleWebKit/537.36 (KHTML, like Gecko) HeadlessChrome/130.0.6723.31 Safari/537.36"
tiny-oidc-1                  | INFO:root:None: GET: /health
tiny-oidc-1                  | INFO:werkzeug:::ffff:127.0.0.1 - - [29/Aug/2025 07:10:33] "GET /health HTTP/1.1" 200 -
frontend-1                   | [2025-08-29 07:23:59,334] DEBUG in render_template: render_template(template=index.html, {})
tiny-oidc-1                  | INFO:root:None: GET: /health
frontend-1                   | 172.19.0.1 - - [29/Aug/2025:07:23:59 +0000] "GET / HTTP/1.1" 200 2827 "http://tiny-oidc:8000/" "Mozilla/5.0 (X11; Linux x86_64) AppleWebKit/537.36 (KHTML, like Gecko) HeadlessChrome/130.0.6723.31 Safari/537.36"
tiny-oidc-1                  | INFO:werkzeug:::ffff:127.0.0.1 - - [29/Aug/2025 07:10:38] "GET /health HTTP/1.1" 200 -
frontend-1                   | 172.19.0.1 - - [29/Aug/2025:07:23:59 +0000] "GET /assets/main.css HTTP/1.1" 200 0 "http://localhost/" "Mozilla/5.0 (X11; Linux x86_64) AppleWebKit/537.36 (KHTML, like Gecko) HeadlessChrome/130.0.6723.31 Safari/537.36"
tiny-oidc-1                  | INFO:root:None: GET: /health
frontend-1                   | [2025-08-29 07:23:59,856] DEBUG in decorators: Checking if admin is required
tiny-oidc-1                  | INFO:werkzeug:::ffff:127.0.0.1 - - [29/Aug/2025 07:10:43] "GET /health HTTP/1.1" 200 -
frontend-1                   | [2025-08-29 07:23:59,856] DEBUG in decorators: User groups are: Admins,Users,service_admins
tiny-oidc-1                  | INFO:root:None: GET: /health
frontend-1                   | [2025-08-29 07:23:59,856] DEBUG in decorators: Admin group is: Admins
tiny-oidc-1                  | INFO:werkzeug:::ffff:127.0.0.1 - - [29/Aug/2025 07:10:48] "GET /health HTTP/1.1" 200 -
frontend-1                   | [2025-08-29 07:23:59,856] DEBUG in render_template: render_template(template=admin/psk_list.html, {'keys': []})
tiny-oidc-1                  | INFO:root:None: GET: /health
frontend-1                   | 172.19.0.1 - - [29/Aug/2025:07:23:59 +0000] "GET /admin/psk HTTP/1.1" 200 11022 "-" "Mozilla/5.0 (X11; Linux x86_64) AppleWebKit/537.36 (KHTML, like Gecko) HeadlessChrome/130.0.6723.31 Safari/537.36"
tiny-oidc-1                  | INFO:werkzeug:::ffff:127.0.0.1 - - [29/Aug/2025 07:10:53] "GET /health HTTP/1.1" 200 -
frontend-1                   | 172.19.0.1 - - [29/Aug/2025:07:23:59 +0000] "GET /assets/main.css HTTP/1.1" 304 0 "http://localhost/admin/psk" "Mozilla/5.0 (X11; Linux x86_64) AppleWebKit/537.36 (KHTML, like Gecko) HeadlessChrome/130.0.6723.31 Safari/537.36"
tiny-oidc-1                  | INFO:root:None: GET: /health
frontend-1                   | 172.19.0.1 - - [29/Aug/2025:07:24:00 +0000] "GET /auth/logout HTTP/1.1" 302 189 "-" "Mozilla/5.0 (X11; Linux x86_64) AppleWebKit/537.36 (KHTML, like Gecko) HeadlessChrome/130.0.6723.31 Safari/537.36"
tiny-oidc-1                  | INFO:werkzeug:::ffff:127.0.0.1 - - [29/Aug/2025 07:10:58] "GET /health HTTP/1.1" 200 -
frontend-1                   | 172.19.0.1 - - [29/Aug/2025:07:24:00 +0000] "GET / HTTP/1.1" 302 209 "-" "Mozilla/5.0 (X11; Linux x86_64) AppleWebKit/537.36 (KHTML, like Gecko) HeadlessChrome/130.0.6723.31 Safari/537.36"
frontend-1                   | 172.19.0.1 - - [29/Aug/2025:07:24:00 +0000] "GET /auth/login HTTP/1.1" 302 709 "-" "Mozilla/5.0 (X11; Linux x86_64) AppleWebKit/537.36 (KHTML, like Gecko) HeadlessChrome/130.0.6723.31 Safari/537.36"
frontend-1                   | 172.19.0.1 - - [29/Aug/2025:07:24:02 +0000] "GET /auth/logout HTTP/1.1" 302 189 "-" "Mozilla/5.0 (X11; Linux x86_64) AppleWebKit/537.36 (KHTML, like Gecko) HeadlessChrome/130.0.6723.31 Safari/537.36"
frontend-1                   | 172.19.0.1 - - [29/Aug/2025:07:24:02 +0000] "GET / HTTP/1.1" 302 209 "-" "Mozilla/5.0 (X11; Linux x86_64) AppleWebKit/537.36 (KHTML, like Gecko) HeadlessChrome/130.0.6723.31 Safari/537.36"
frontend-1                   | 172.19.0.1 - - [29/Aug/2025:07:24:02 +0000] "GET /auth/login HTTP/1.1" 302 709 "-" "Mozilla/5.0 (X11; Linux x86_64) AppleWebKit/537.36 (KHTML, like Gecko) HeadlessChrome/130.0.6723.31 Safari/537.36"
frontend-1                   | 172.19.0.1 - - [29/Aug/2025:07:24:03 +0000] "GET / HTTP/1.1" 302 209 "-" "Mozilla/5.0 (X11; Linux x86_64) AppleWebKit/537.36 (KHTML, like Gecko) HeadlessChrome/130.0.6723.31 Safari/537.36"
frontend-1                   | 172.19.0.1 - - [29/Aug/2025:07:24:03 +0000] "GET /auth/login HTTP/1.1" 302 709 "-" "Mozilla/5.0 (X11; Linux x86_64) AppleWebKit/537.36 (KHTML, like Gecko) HeadlessChrome/130.0.6723.31 Safari/537.36"
frontend-1                   | [2025-08-29 07:24:04,391] INFO in auth: Login from {'email': 'admin@example.org', 'family_name': 'Administrator', 'given_name': 'Joe', 'groups': 'Admins,Users,service_admins', 'name': 'TheBOFH', 'preferred_username': 'admin@example.org', 'sub': 'admin'}
frontend-1                   | 172.19.0.1 - - [29/Aug/2025:07:24:04 +0000] "GET /auth/callback?code=40a5e9fa-0168-44cc-b004-e7593b09731c&state=4pI1Gjr1VOBQd1rcc7MlcJVV57630B HTTP/1.1" 302 189 "http://tiny-oidc:8000/" "Mozilla/5.0 (X11; Linux x86_64) AppleWebKit/537.36 (KHTML, like Gecko) HeadlessChrome/130.0.6723.31 Safari/537.36"
frontend-1                   | [2025-08-29 07:24:04,397] DEBUG in render_template: render_template(template=index.html, {})
frontend-1                   | 172.19.0.1 - - [29/Aug/2025:07:24:04 +0000] "GET / HTTP/1.1" 200 2827 "http://tiny-oidc:8000/" "Mozilla/5.0 (X11; Linux x86_64) AppleWebKit/537.36 (KHTML, like Gecko) HeadlessChrome/130.0.6723.31 Safari/537.36"
frontend-1                   | 172.19.0.1 - - [29/Aug/2025:07:24:04 +0000] "GET /assets/main.css HTTP/1.1" 200 0 "http://localhost/" "Mozilla/5.0 (X11; Linux x86_64) AppleWebKit/537.36 (KHTML, like Gecko) HeadlessChrome/130.0.6723.31 Safari/537.36"
frontend-1                   | [2025-08-29 07:24:04,916] DEBUG in decorators: Checking if admin is required
frontend-1                   | [2025-08-29 07:24:04,916] DEBUG in decorators: User groups are: Admins,Users,service_admins
frontend-1                   | [2025-08-29 07:24:04,916] DEBUG in decorators: Admin group is: Admins
frontend-1                   | [2025-08-29 07:24:04,917] DEBUG in render_template: render_template(template=admin/psk_list.html, {'keys': []})
frontend-1                   | 172.19.0.1 - - [29/Aug/2025:07:24:04 +0000] "GET /admin/psk HTTP/1.1" 200 11022 "-" "Mozilla/5.0 (X11; Linux x86_64) AppleWebKit/537.36 (KHTML, like Gecko) HeadlessChrome/130.0.6723.31 Safari/537.36"
frontend-1                   | 172.19.0.1 - - [29/Aug/2025:07:24:04 +0000] "GET /assets/main.css HTTP/1.1" 304 0 "http://localhost/admin/psk" "Mozilla/5.0 (X11; Linux x86_64) AppleWebKit/537.36 (KHTML, like Gecko) HeadlessChrome/130.0.6723.31 Safari/537.36"
frontend-1                   | 172.19.0.1 - - [29/Aug/2025:07:24:05 +0000] "GET /auth/logout HTTP/1.1" 302 189 "-" "Mozilla/5.0 (X11; Linux x86_64) AppleWebKit/537.36 (KHTML, like Gecko) HeadlessChrome/130.0.6723.31 Safari/537.36"
frontend-1                   | 172.19.0.1 - - [29/Aug/2025:07:24:05 +0000] "GET / HTTP/1.1" 302 209 "-" "Mozilla/5.0 (X11; Linux x86_64) AppleWebKit/537.36 (KHTML, like Gecko) HeadlessChrome/130.0.6723.31 Safari/537.36"
frontend-1                   | 172.19.0.1 - - [29/Aug/2025:07:24:05 +0000] "GET /auth/login HTTP/1.1" 302 709 "-" "Mozilla/5.0 (X11; Linux x86_64) AppleWebKit/537.36 (KHTML, like Gecko) HeadlessChrome/130.0.6723.31 Safari/537.36"
frontend-1                   | 172.19.0.1 - - [29/Aug/2025:07:24:07 +0000] "GET /auth/logout HTTP/1.1" 302 189 "-" "Mozilla/5.0 (X11; Linux x86_64) AppleWebKit/537.36 (KHTML, like Gecko) HeadlessChrome/130.0.6723.31 Safari/537.36"
tiny-oidc-1                  | INFO:root:None: GET: /health
frontend-1                   | 172.19.0.1 - - [29/Aug/2025:07:24:07 +0000] "GET / HTTP/1.1" 302 209 "-" "Mozilla/5.0 (X11; Linux x86_64) AppleWebKit/537.36 (KHTML, like Gecko) HeadlessChrome/130.0.6723.31 Safari/537.36"
tiny-oidc-1                  | INFO:werkzeug:::ffff:127.0.0.1 - - [29/Aug/2025 07:11:03] "GET /health HTTP/1.1" 200 -
tiny-oidc-1                  | INFO:root:None: GET: /health
tiny-oidc-1                  | INFO:werkzeug:::ffff:127.0.0.1 - - [29/Aug/2025 07:11:08] "GET /health HTTP/1.1" 200 -
