signing-init-1               | Checking certificate...
signing-init-1               | Certificate is unchanged.
signing-init-1               | Checking private key...
signing-init-1               | Private key is unchanged.
signing-init-1               | PKI initialization complete.
frontend-migrate-1           | INFO  [alembic.runtime.migration] Context impl SQLiteImpl.
frontend-migrate-1           | INFO  [alembic.runtime.migration] Will assume non-transactional DDL.
certtransparency-1           | [2025-08-29 07:22:49 +0000] [1] [INFO] Starting gunicorn 23.0.0
certtransparency-migrate-1   | INFO  [alembic.runtime.migration] Context impl SQLiteImpl.
certtransparency-1           | [2025-08-29 07:22:49 +0000] [1] [INFO] Listening at: http://0.0.0.0:8800 (1)
sqlite-volume-permissions-1  | + mkdir -p /data/sqlite
certtransparency-migrate-1   | INFO  [alembic.runtime.migration] Will assume non-transactional DDL.
sqlite-volume-permissions-1  | + chmod 777 /data/sqlite
certtransparency-1           | [2025-08-29 07:22:49 +0000] [1] [INFO] Using worker: sync
sqlite-volume-permissions-1  | + chown -R 1001:1001 /data/sqlite
certtransparency-1           | [2025-08-29 07:22:49 +0000] [7] [INFO] Booting worker with pid: 7
frontend-1                   | [2025-08-29 07:22:50 +0000] [1] [INFO] Starting gunicorn 23.0.0
frontend-1                   | [2025-08-29 07:22:50 +0000] [1] [INFO] Listening at: http://0.0.0.0:8600 (1)
tiny-oidc-1                  |  * Serving Flask app 'app'
tiny-oidc-1                  |  * Debug mode: off
tiny-oidc-1                  | INFO:werkzeug:[31m[1mWARNING: This is a development server. Do not use it in a production deployment. Use a production WSGI server instead.[0m
frontend-1                   | [2025-08-29 07:22:50 +0000] [1] [INFO] Using worker: sync
sqlite-volume-permissions-1  | + mkdir -p /data/sqlite
certtransparency-1           | [2025-08-29 07:22:49 +0000] [8] [INFO] Booting worker with pid: 8
frontend-1                   | [2025-08-29 07:22:50 +0000] [7] [INFO] Booting worker with pid: 7
tiny-oidc-1                  |  * Running on all addresses (::)
tiny-oidc-1                  |  * Running on http://[::1]:8000
frontend-1                   | [2025-08-29 07:22:50 +0000] [8] [INFO] Booting worker with pid: 8
certtransparency-1           | 172.19.0.1 - - [29/Aug/2025:07:22:52 +0000] "GET /health HTTP/1.1" 200 116 "-" "python-requests/2.32.4"
certtransparency-1           | 127.0.0.1 - - [29/Aug/2025:07:22:54 +0000] "GET /health HTTP/1.1" 200 116 "-" "python-requests/2.32.5"
signing-1                    | [2025-08-29 07:22:49 +0000] [1] [INFO] Starting gunicorn 23.0.0
certtransparency-1           | 172.19.0.2 - - [29/Aug/2025:07:22:56 +0000] "GET /api/v1/certificates?page=1&limit=50 HTTP/1.1" 200 1532 "-" "python-requests/2.32.5"
certtransparency-1           | 172.19.0.2 - - [29/Aug/2025:07:22:56 +0000] "GET /api/v1/statistics HTTP/1.1" 200 305 "-" "python-requests/2.32.5"
signing-1                    | [2025-08-29 07:22:49 +0000] [1] [INFO] Listening at: http://0.0.0.0:8500 (1)
frontend-1                   | [2025-08-29 07:22:50 +0000] [9] [INFO] Booting worker with pid: 9
sqlite-volume-permissions-1  | + chmod 777 /data/sqlite
tiny-oidc-1                  |  * Running on http://[::1]:8000
tiny-oidc-1                  | INFO:werkzeug:[33mPress CTRL+C to quit[0m
tiny-oidc-1                  | INFO:root:None: GET: /health
certtransparency-1           | 172.19.0.2 - - [29/Aug/2025:07:23:01 +0000] "GET /api/v1/certificates?page=1&limit=50 HTTP/1.1" 200 1532 "-" "python-requests/2.32.5"
tiny-oidc-1                  | INFO:werkzeug:::ffff:127.0.0.1 - - [29/Aug/2025 07:02:22] "GET /health HTTP/1.1" 200 -
sqlite-volume-permissions-1  | + chown -R 1001:1001 /data/sqlite
frontend-1                   | 172.19.0.1 - - [29/Aug/2025:07:22:52 +0000] "GET / HTTP/1.1" 302 209 "-" "python-requests/2.32.4"
certtransparency-1           | 172.19.0.2 - - [29/Aug/2025:07:23:01 +0000] "GET /api/v1/statistics HTTP/1.1" 200 305 "-" "python-requests/2.32.5"
frontend-1                   | 172.19.0.1 - - [29/Aug/2025:07:22:52 +0000] "GET /auth/login HTTP/1.1" 302 709 "-" "python-requests/2.32.4"
certtransparency-1           | 172.19.0.2 - - [29/Aug/2025:07:23:06 +0000] "GET /api/v1/certificates?page=1&limit=50 HTTP/1.1" 200 1532 "-" "python-requests/2.32.5"
signing-1                    | [2025-08-29 07:22:49 +0000] [1] [INFO] Using worker: sync
certtransparency-1           | 172.19.0.2 - - [29/Aug/2025:07:23:06 +0000] "GET /api/v1/statistics HTTP/1.1" 200 305 "-" "python-requests/2.32.5"
certtransparency-1           | 172.19.0.2 - - [29/Aug/2025:07:23:07 +0000] "GET /api/v1/certificates?page=1&limit=50&type=client&subject=test%40example.com HTTP/1.1" 200 374 "-" "python-requests/2.32.5"
signing-1                    | [2025-08-29 07:22:49 +0000] [7] [INFO] Booting worker with pid: 7
certtransparency-1           | 172.19.0.2 - - [29/Aug/2025:07:23:07 +0000] "GET /api/v1/statistics HTTP/1.1" 200 305 "-" "python-requests/2.32.5"
signing-1                    | [2025-08-29 07:22:49 +0000] [8] [INFO] Booting worker with pid: 8
certtransparency-1           | 172.19.0.2 - - [29/Aug/2025:07:23:12 +0000] "GET /api/v1/certificates?page=1&limit=50 HTTP/1.1" 200 1532 "-" "python-requests/2.32.5"
signing-1                    | 172.19.0.2 - - [29/Aug/2025:07:25:01 +0000] "POST /api/v1/sign-csr HTTP/1.1" 200 653 "-" "python-requests/2.32.5"
signing-1                    | 172.19.0.2 - - [29/Aug/2025:07:25:18 +0000] "POST /api/v1/sign-csr HTTP/1.1" 200 653 "-" "python-requests/2.32.5"
certtransparency-1           | 172.19.0.2 - - [29/Aug/2025:07:23:12 +0000] "GET /api/v1/statistics HTTP/1.1" 200 305 "-" "python-requests/2.32.5"
signing-1                    | [2025-08-29 07:25:22,695] ERROR in certtransparency_client: Failed to revoke certificate in CT service: 500 Server Error: INTERNAL SERVER ERROR for url: http://certtransparency:8800/api/v1/certificates/E03F76841079C8D54DEB357609B4A55FD0D0B8BCCC329A68354E16A92112EE1E/revoke
certtransparency-1           | 172.19.0.2 - - [29/Aug/2025:07:23:17 +0000] "GET /api/v1/certificates?page=1&limit=50 HTTP/1.1" 200 1532 "-" "python-requests/2.32.5"
certtransparency-1           | 172.19.0.2 - - [29/Aug/2025:07:23:17 +0000] "GET /api/v1/statistics HTTP/1.1" 200 305 "-" "python-requests/2.32.5"
signing-1                    | [2025-08-29 07:25:22,695] ERROR in __init__: Certificate Transparency service error during revocation: Failed to communicate with CT service: 500 Server Error: INTERNAL SERVER ERROR for url: http://certtransparency:8800/api/v1/certificates/E03F76841079C8D54DEB357609B4A55FD0D0B8BCCC329A68354E16A92112EE1E/revoke
certtransparency-1           | 172.19.0.2 - - [29/Aug/2025:07:23:17 +0000] "GET /api/v1/certificates?page=1&limit=50&type=server&subject=example.com HTTP/1.1" 200 369 "-" "python-requests/2.32.5"
signing-1                    | 172.19.0.2 - - [29/Aug/2025:07:25:22 +0000] "POST /api/v1/revoke-certificate HTTP/1.1" 503 57 "-" "python-requests/2.32.5"
certtransparency-1           | 172.19.0.2 - - [29/Aug/2025:07:23:17 +0000] "GET /api/v1/statistics HTTP/1.1" 200 305 "-" "python-requests/2.32.5"
certtransparency-1           | 172.19.0.2 - - [29/Aug/2025:07:23:18 +0000] "GET /api/v1/certificates?page=1&limit=50 HTTP/1.1" 200 1532 "-" "python-requests/2.32.5"
certtransparency-1           | 172.19.0.2 - - [29/Aug/2025:07:23:18 +0000] "GET /api/v1/statistics HTTP/1.1" 200 305 "-" "python-requests/2.32.5"
certtransparency-1           | 172.19.0.2 - - [29/Aug/2025:07:23:23 +0000] "GET /api/v1/certificates?page=1&limit=50 HTTP/1.1" 200 1532 "-" "python-requests/2.32.5"
certtransparency-1           | 172.19.0.2 - - [29/Aug/2025:07:23:23 +0000] "GET /api/v1/statistics HTTP/1.1" 200 305 "-" "python-requests/2.32.5"
certtransparency-1           | 172.19.0.2 - - [29/Aug/2025:07:23:24 +0000] "GET /api/v1/certificates/2AEF75C48E267D7FECFABE9EA3546D0079721CF0B0C6CB3947E20B63B7EC2EBD?include_pem=true HTTP/1.1" 200 1789 "-" "python-requests/2.32.5"
signing-1                    | 172.19.0.2 - - [29/Aug/2025:07:25:43 +0000] "POST /api/v1/sign-csr HTTP/1.1" 200 657 "-" "python-requests/2.32.5"
signing-1                    | 172.19.0.2 - - [29/Aug/2025:07:25:50 +0000] "POST /api/v1/revoke-certificate HTTP/1.1" 400 213 "-" "python-requests/2.32.5"
tiny-oidc-1                  | INFO:root:None: GET: /health
frontend-1                   | 172.19.0.1 - - [29/Aug/2025:07:22:53 +0000] "GET /auth/logout HTTP/1.1" 302 189 "-" "Mozilla/5.0 (X11; Linux x86_64) AppleWebKit/537.36 (KHTML, like Gecko) HeadlessChrome/130.0.6723.31 Safari/537.36"
tiny-oidc-1                  | INFO:werkzeug:::ffff:127.0.0.1 - - [29/Aug/2025 07:02:28] "GET /health HTTP/1.1" 200 -
tiny-oidc-1                  | INFO:root:None: GET: /health
tiny-oidc-1                  | INFO:werkzeug:::ffff:127.0.0.1 - - [29/Aug/2025 07:02:33] "GET /health HTTP/1.1" 200 -
frontend-1                   | 172.19.0.1 - - [29/Aug/2025:07:22:54 +0000] "GET / HTTP/1.1" 302 209 "-" "Mozilla/5.0 (X11; Linux x86_64) AppleWebKit/537.36 (KHTML, like Gecko) HeadlessChrome/130.0.6723.31 Safari/537.36"
tiny-oidc-1                  | INFO:root:None: GET: /health
tiny-oidc-1                  | INFO:werkzeug:::ffff:127.0.0.1 - - [29/Aug/2025 07:02:38] "GET /health HTTP/1.1" 200 -
frontend-1                   | 172.19.0.1 - - [29/Aug/2025:07:22:54 +0000] "GET /auth/login HTTP/1.1" 302 709 "-" "Mozilla/5.0 (X11; Linux x86_64) AppleWebKit/537.36 (KHTML, like Gecko) HeadlessChrome/130.0.6723.31 Safari/537.36"
tiny-oidc-1                  | INFO:root:None: GET: /health
certtransparency-1           | 172.19.0.2 - - [29/Aug/2025:07:23:24 +0000] "GET /api/v1/certificates?page=1&limit=50 HTTP/1.1" 200 1532 "-" "python-requests/2.32.5"
tiny-oidc-1                  | INFO:werkzeug:::ffff:127.0.0.1 - - [29/Aug/2025 07:02:43] "GET /health HTTP/1.1" 200 -
tiny-oidc-1                  | INFO:root:None: GET: /health
tiny-oidc-1                  | INFO:werkzeug:::ffff:127.0.0.1 - - [29/Aug/2025 07:02:48] "GET /health HTTP/1.1" 200 -
certtransparency-1           | 172.19.0.2 - - [29/Aug/2025:07:23:24 +0000] "GET /api/v1/statistics HTTP/1.1" 200 305 "-" "python-requests/2.32.5"
tiny-oidc-1                  | INFO:root:None: GET: /health
certtransparency-1           | 127.0.0.1 - - [29/Aug/2025:07:23:24 +0000] "GET /health HTTP/1.1" 200 116 "-" "python-requests/2.32.5"
tiny-oidc-1                  | INFO:werkzeug:::ffff:127.0.0.1 - - [29/Aug/2025 07:02:53] "GET /health HTTP/1.1" 200 -
certtransparency-1           | 172.19.0.2 - - [29/Aug/2025:07:23:38 +0000] "GET /api/v1/certificates?page=1&limit=50 HTTP/1.1" 200 1532 "-" "python-requests/2.32.5"
signing-1                    | 172.19.0.2 - - [29/Aug/2025:07:26:01 +0000] "POST /api/v1/sign-csr HTTP/1.1" 200 657 "-" "python-requests/2.32.5"
certtransparency-1           | 172.19.0.2 - - [29/Aug/2025:07:23:38 +0000] "GET /api/v1/statistics HTTP/1.1" 200 305 "-" "python-requests/2.32.5"
signing-1                    | 172.19.0.2 - - [29/Aug/2025:07:26:23 +0000] "POST /api/v1/generate-crl HTTP/1.1" 200 290 "-" "python-requests/2.32.5"
certtransparency-1           | 172.19.0.2 - - [29/Aug/2025:07:23:38 +0000] "GET /api/v1/certificates?page=1&limit=50&from_date=2025-01-01&to_date=2025-12-31 HTTP/1.1" 200 1548 "-" "python-requests/2.32.5"
signing-1                    | 172.19.0.2 - - [29/Aug/2025:07:26:26 +0000] "POST /api/v1/generate-crl HTTP/1.1" 200 290 "-" "python-requests/2.32.5"
certtransparency-1           | 172.19.0.2 - - [29/Aug/2025:07:23:38 +0000] "GET /api/v1/statistics HTTP/1.1" 200 305 "-" "python-requests/2.32.5"
signing-1                    | 172.19.0.2 - - [29/Aug/2025:07:26:29 +0000] "POST /api/v1/generate-crl HTTP/1.1" 200 290 "-" "python-requests/2.32.5"
certtransparency-1           | 172.19.0.2 - - [29/Aug/2025:07:23:43 +0000] "GET /api/v1/certificates?page=1&limit=50 HTTP/1.1" 200 1532 "-" "python-requests/2.32.5"
signing-1                    | 172.19.0.2 - - [29/Aug/2025:07:26:33 +0000] "POST /api/v1/generate-crl HTTP/1.1" 200 290 "-" "python-requests/2.32.5"
certtransparency-1           | 172.19.0.2 - - [29/Aug/2025:07:23:43 +0000] "GET /api/v1/statistics HTTP/1.1" 200 305 "-" "python-requests/2.32.5"
signing-1                    | 172.19.0.2 - - [29/Aug/2025:07:26:36 +0000] "POST /api/v1/generate-crl HTTP/1.1" 200 290 "-" "python-requests/2.32.5"
certtransparency-1           | 172.19.0.2 - - [29/Aug/2025:07:23:44 +0000] "GET /api/v1/certificates?page=1&limit=50&include_revoked=false HTTP/1.1" 200 1533 "-" "python-requests/2.32.5"
certtransparency-1           | 172.19.0.2 - - [29/Aug/2025:07:23:44 +0000] "GET /api/v1/statistics HTTP/1.1" 200 305 "-" "python-requests/2.32.5"
certtransparency-1           | 127.0.0.1 - - [29/Aug/2025:07:23:55 +0000] "GET /health HTTP/1.1" 200 116 "-" "python-requests/2.32.5"
certtransparency-1           | 127.0.0.1 - - [29/Aug/2025:07:24:25 +0000] "GET /health HTTP/1.1" 200 116 "-" "python-requests/2.32.5"
certtransparency-1           | 172.19.0.2 - - [29/Aug/2025:07:24:49 +0000] "GET /api/v1/certificates?page=1&limit=50 HTTP/1.1" 200 1532 "-" "python-requests/2.32.5"
certtransparency-1           | 172.19.0.2 - - [29/Aug/2025:07:24:49 +0000] "GET /api/v1/statistics HTTP/1.1" 200 305 "-" "python-requests/2.32.5"
certtransparency-1           | 172.19.0.2 - - [29/Aug/2025:07:24:54 +0000] "GET /api/v1/certificates?page=1&limit=50 HTTP/1.1" 200 1532 "-" "python-requests/2.32.5"
certtransparency-1           | 172.19.0.2 - - [29/Aug/2025:07:24:54 +0000] "GET /api/v1/statistics HTTP/1.1" 200 305 "-" "python-requests/2.32.5"
certtransparency-1           | 127.0.0.1 - - [29/Aug/2025:07:24:55 +0000] "GET /health HTTP/1.1" 200 116 "-" "python-requests/2.32.5"
certtransparency-1           | 172.19.0.2 - - [29/Aug/2025:07:24:55 +0000] "GET /api/v1/certificates/2AEF75C48E267D7FECFABE9EA3546D0079721CF0B0C6CB3947E20B63B7EC2EBD?include_pem=true HTTP/1.1" 200 1789 "-" "python-requests/2.32.5"
certtransparency-1           | [2025-08-29 07:25:01,143] DEBUG in decorators: API authentication successful for request from 172.19.0.4
certtransparency-1           | 172.19.0.4 - - [29/Aug/2025:07:25:01 +0000] "POST /api/v1/certificates HTTP/1.1" 201 1269 "-" "python-requests/2.32.5"
certtransparency-1           | 172.19.0.2 - - [29/Aug/2025:07:25:03 +0000] "GET /api/v1/certificates?page=1&limit=100&include_revoked=True HTTP/1.1" 200 2700 "-" "python-requests/2.32.5"
certtransparency-1           | 172.19.0.2 - - [29/Aug/2025:07:25:08 +0000] "GET /api/v1/certificates/762ED63E1566F194FB4A6A14E4688B9FB8A1C1880115AF12A8D214D552866060?include_pem=true HTTP/1.1" 200 1778 "-" "python-requests/2.32.5"
certtransparency-1           | 172.19.0.2 - - [29/Aug/2025:07:25:13 +0000] "GET /api/v1/certificates?page=1&limit=100&include_revoked=True HTTP/1.1" 200 2700 "-" "python-requests/2.32.5"
certtransparency-1           | [2025-08-29 07:25:18,960] DEBUG in decorators: API authentication successful for request from 172.19.0.4
certtransparency-1           | 172.19.0.4 - - [29/Aug/2025:07:25:18 +0000] "POST /api/v1/certificates HTTP/1.1" 201 1269 "-" "python-requests/2.32.5"
certtransparency-1           | 172.19.0.2 - - [29/Aug/2025:07:25:20 +0000] "GET /api/v1/certificates?page=1&limit=100&include_revoked=True HTTP/1.1" 200 3867 "-" "python-requests/2.32.5"
certtransparency-1           | 172.19.0.2 - - [29/Aug/2025:07:25:21 +0000] "GET /api/v1/certificates?page=1&limit=50 HTTP/1.1" 200 3866 "-" "python-requests/2.32.5"
certtransparency-1           | 172.19.0.2 - - [29/Aug/2025:07:25:21 +0000] "GET /api/v1/statistics HTTP/1.1" 200 305 "-" "python-requests/2.32.5"
certtransparency-1           | 172.19.0.2 - - [29/Aug/2025:07:25:22 +0000] "GET /api/v1/certificates?page=1&limit=100&include_revoked=True HTTP/1.1" 200 3867 "-" "python-requests/2.32.5"
certtransparency-1           | 172.19.0.2 - - [29/Aug/2025:07:25:22 +0000] "GET /api/v1/certificates/E03F76841079C8D54DEB357609B4A55FD0D0B8BCCC329A68354E16A92112EE1E?include_pem=true HTTP/1.1" 200 1778 "-" "python-requests/2.32.5"
tiny-oidc-1                  | INFO:root:None: GET: /health
certtransparency-1           | 172.19.0.4 - - [29/Aug/2025:07:25:22 +0000] "GET /api/v1/certificates/E03F76841079C8D54DEB357609B4A55FD0D0B8BCCC329A68354E16A92112EE1E HTTP/1.1" 200 1778 "-" "python-requests/2.32.5"
tiny-oidc-1                  | INFO:werkzeug:::ffff:127.0.0.1 - - [29/Aug/2025 07:02:58] "GET /health HTTP/1.1" 200 -
signing-1                    | 172.19.0.2 - - [29/Aug/2025:07:26:46 +0000] "POST /api/v1/sign-csr HTTP/1.1" 200 657 "-" "python-requests/2.32.5"
frontend-1                   | 172.19.0.1 - - [29/Aug/2025:07:22:55 +0000] "GET / HTTP/1.1" 302 209 "-" "Mozilla/5.0 (X11; Linux x86_64) AppleWebKit/537.36 (KHTML, like Gecko) HeadlessChrome/130.0.6723.31 Safari/537.36"
signing-1                    | 172.19.0.2 - - [29/Aug/2025:07:26:59 +0000] "POST /api/v1/sign-csr HTTP/1.1" 200 657 "-" "python-requests/2.32.5"
frontend-1                   | 172.19.0.1 - - [29/Aug/2025:07:22:55 +0000] "GET /auth/login HTTP/1.1" 302 709 "-" "Mozilla/5.0 (X11; Linux x86_64) AppleWebKit/537.36 (KHTML, like Gecko) HeadlessChrome/130.0.6723.31 Safari/537.36"
signing-1                    | 172.19.0.2 - - [29/Aug/2025:07:27:12 +0000] "POST /api/v1/sign-csr HTTP/1.1" 200 657 "-" "python-requests/2.32.5"
frontend-1                   | [2025-08-29 07:22:55,818] INFO in auth: Login from {'email': 'admin@example.org', 'family_name': 'Administrator', 'given_name': 'Joe', 'groups': 'Admins,Users,service_admins', 'name': 'TheBOFH', 'preferred_username': 'admin@example.org', 'sub': 'admin'}
signing-1                    | [2025-08-29 07:27:15,227] ERROR in certtransparency_client: Failed to revoke certificate in CT service: 500 Server Error: INTERNAL SERVER ERROR for url: http://certtransparency:8800/api/v1/certificates/064BC207CA6D8A5674CC8814733220FE59D2E6377BAF092CE5EB0BAFAC793EFC/revoke
frontend-1                   | 172.19.0.1 - - [29/Aug/2025:07:22:55 +0000] "GET /auth/callback?code=40a5e9fa-0168-44cc-b004-e7593b09731c&state=F9gBAc1Y89GrMDR3TPS5jJedDFmU2o HTTP/1.1" 302 189 "http://tiny-oidc:8000/" "Mozilla/5.0 (X11; Linux x86_64) AppleWebKit/537.36 (KHTML, like Gecko) HeadlessChrome/130.0.6723.31 Safari/537.36"
certtransparency-1           | [2025-08-29 07:25:22,694] DEBUG in decorators: API authentication successful for request from 172.19.0.4
frontend-1                   | [2025-08-29 07:22:55,824] DEBUG in render_template: render_template(template=index.html, {})
certtransparency-1           | 172.19.0.4 - - [29/Aug/2025:07:25:22 +0000] "POST /api/v1/certificates/E03F76841079C8D54DEB357609B4A55FD0D0B8BCCC329A68354E16A92112EE1E/revoke HTTP/1.1" 500 116 "-" "python-requests/2.32.5"
tiny-oidc-1                  | INFO:root:None: GET: /health
certtransparency-1           | 127.0.0.1 - - [29/Aug/2025:07:25:25 +0000] "GET /health HTTP/1.1" 200 116 "-" "python-requests/2.32.5"
tiny-oidc-1                  | INFO:werkzeug:::ffff:127.0.0.1 - - [29/Aug/2025 07:03:03] "GET /health HTTP/1.1" 200 -
certtransparency-1           | 172.19.0.2 - - [29/Aug/2025:07:25:37 +0000] "GET /api/v1/certificates?page=1&limit=50 HTTP/1.1" 200 3866 "-" "python-requests/2.32.5"
tiny-oidc-1                  | INFO:root:None: GET: /health
certtransparency-1           | 172.19.0.2 - - [29/Aug/2025:07:25:37 +0000] "GET /api/v1/statistics HTTP/1.1" 200 305 "-" "python-requests/2.32.5"
tiny-oidc-1                  | INFO:werkzeug:::ffff:127.0.0.1 - - [29/Aug/2025 07:03:08] "GET /health HTTP/1.1" 200 -
certtransparency-1           | [2025-08-29 07:25:43,172] DEBUG in decorators: API authentication successful for request from 172.19.0.4
tiny-oidc-1                  | INFO:root:None: GET: /health
certtransparency-1           | 172.19.0.4 - - [29/Aug/2025:07:25:43 +0000] "POST /api/v1/certificates HTTP/1.1" 201 1276 "-" "python-requests/2.32.5"
tiny-oidc-1                  | INFO:werkzeug:::ffff:127.0.0.1 - - [29/Aug/2025 07:03:13] "GET /health HTTP/1.1" 200 -
certtransparency-1           | 172.19.0.2 - - [29/Aug/2025:07:25:45 +0000] "GET /api/v1/certificates?page=1&limit=100&include_revoked=True HTTP/1.1" 200 5041 "-" "python-requests/2.32.5"
tiny-oidc-1                  | INFO:root:None: GET: /health
certtransparency-1           | 172.19.0.2 - - [29/Aug/2025:07:25:50 +0000] "GET /api/v1/certificates/C0EA03C5CD8AE507521485A69BB8E944EE3B0F619FDAEC580A7D8FD49BDBF9DD?include_pem=true HTTP/1.1" 200 1789 "-" "python-requests/2.32.5"
tiny-oidc-1                  | INFO:werkzeug:::ffff:127.0.0.1 - - [29/Aug/2025 07:03:18] "GET /health HTTP/1.1" 200 -
certtransparency-1           | 172.19.0.2 - - [29/Aug/2025:07:25:50 +0000] "GET /api/v1/certificates/C0EA03C5CD8AE507521485A69BB8E944EE3B0F619FDAEC580A7D8FD49BDBF9DD?include_pem=true HTTP/1.1" 200 1789 "-" "python-requests/2.32.5"
tiny-oidc-1                  | INFO:root:None: GET: /health
certtransparency-1           | 172.19.0.2 - - [29/Aug/2025:07:25:50 +0000] "GET /api/v1/certificates/C0EA03C5CD8AE507521485A69BB8E944EE3B0F619FDAEC580A7D8FD49BDBF9DD?include_pem=true HTTP/1.1" 200 1789 "-" "python-requests/2.32.5"
certtransparency-1           | 127.0.0.1 - - [29/Aug/2025:07:25:55 +0000] "GET /health HTTP/1.1" 200 116 "-" "python-requests/2.32.5"
certtransparency-1           | [2025-08-29 07:26:01,472] DEBUG in decorators: API authentication successful for request from 172.19.0.4
certtransparency-1           | 172.19.0.4 - - [29/Aug/2025:07:26:01 +0000] "POST /api/v1/certificates HTTP/1.1" 201 1276 "-" "python-requests/2.32.5"
certtransparency-1           | 172.19.0.2 - - [29/Aug/2025:07:26:03 +0000] "GET /api/v1/certificates?page=1&limit=100&include_revoked=True HTTP/1.1" 200 6215 "-" "python-requests/2.32.5"
certtransparency-1           | 172.19.0.2 - - [29/Aug/2025:07:26:08 +0000] "GET /api/v1/certificates?page=1&limit=50 HTTP/1.1" 200 6214 "-" "python-requests/2.32.5"
certtransparency-1           | 172.19.0.2 - - [29/Aug/2025:07:26:08 +0000] "GET /api/v1/statistics HTTP/1.1" 200 305 "-" "python-requests/2.32.5"
certtransparency-1           | 172.19.0.2 - - [29/Aug/2025:07:26:09 +0000] "GET /api/v1/certificates?page=1&limit=50&subject=finance%40example.org HTTP/1.1" 200 3897 "-" "python-requests/2.32.5"
certtransparency-1           | 172.19.0.2 - - [29/Aug/2025:07:26:09 +0000] "GET /api/v1/statistics HTTP/1.1" 200 305 "-" "python-requests/2.32.5"
certtransparency-1           | 172.19.0.2 - - [29/Aug/2025:07:26:23 +0000] "GET /api/v1/certificates?revoked_only=true&include_revocation_details=true&limit=10000 HTTP/1.1" 200 6216 "-" "python-requests/2.32.5"
certtransparency-1           | 127.0.0.1 - - [29/Aug/2025:07:26:25 +0000] "GET /health HTTP/1.1" 200 116 "-" "python-requests/2.32.5"
certtransparency-1           | 172.19.0.2 - - [29/Aug/2025:07:26:26 +0000] "GET /api/v1/certificates?revoked_only=true&include_revocation_details=true&limit=10000 HTTP/1.1" 200 6216 "-" "python-requests/2.32.5"
certtransparency-1           | 172.19.0.2 - - [29/Aug/2025:07:26:29 +0000] "GET /api/v1/certificates?revoked_only=true&include_revocation_details=true&limit=10000 HTTP/1.1" 200 6216 "-" "python-requests/2.32.5"
certtransparency-1           | 172.19.0.2 - - [29/Aug/2025:07:26:33 +0000] "GET /api/v1/certificates?revoked_only=true&include_revocation_details=true&limit=10000 HTTP/1.1" 200 6216 "-" "python-requests/2.32.5"
certtransparency-1           | 172.19.0.2 - - [29/Aug/2025:07:26:36 +0000] "GET /api/v1/certificates?revoked_only=true&include_revocation_details=true&limit=10000 HTTP/1.1" 200 6216 "-" "python-requests/2.32.5"
certtransparency-1           | 172.19.0.2 - - [29/Aug/2025:07:26:41 +0000] "GET /api/v1/certificates?page=1&limit=100&include_revoked=True HTTP/1.1" 200 6215 "-" "python-requests/2.32.5"
certtransparency-1           | [2025-08-29 07:26:46,937] DEBUG in decorators: API authentication successful for request from 172.19.0.4
certtransparency-1           | 172.19.0.4 - - [29/Aug/2025:07:26:46 +0000] "POST /api/v1/certificates HTTP/1.1" 201 1275 "-" "python-requests/2.32.5"
certtransparency-1           | 172.19.0.2 - - [29/Aug/2025:07:26:48 +0000] "GET /api/v1/certificates?page=1&limit=100&include_revoked=True HTTP/1.1" 200 7388 "-" "python-requests/2.32.5"
certtransparency-1           | 172.19.0.2 - - [29/Aug/2025:07:26:53 +0000] "GET /api/v1/certificates?page=1&limit=50 HTTP/1.1" 200 7387 "-" "python-requests/2.32.5"
certtransparency-1           | 172.19.0.2 - - [29/Aug/2025:07:26:53 +0000] "GET /api/v1/statistics HTTP/1.1" 200 305 "-" "python-requests/2.32.5"
certtransparency-1           | 127.0.0.1 - - [29/Aug/2025:07:26:55 +0000] "GET /health HTTP/1.1" 200 116 "-" "python-requests/2.32.5"
certtransparency-1           | [2025-08-29 07:26:59,702] DEBUG in decorators: API authentication successful for request from 172.19.0.4
certtransparency-1           | 172.19.0.4 - - [29/Aug/2025:07:26:59 +0000] "POST /api/v1/certificates HTTP/1.1" 201 1276 "-" "python-requests/2.32.5"
certtransparency-1           | 172.19.0.2 - - [29/Aug/2025:07:27:01 +0000] "GET /api/v1/certificates?page=1&limit=100&include_revoked=True HTTP/1.1" 200 8562 "-" "python-requests/2.32.5"
certtransparency-1           | 172.19.0.2 - - [29/Aug/2025:07:27:06 +0000] "GET /api/v1/certificates?page=1&limit=50 HTTP/1.1" 200 8561 "-" "python-requests/2.32.5"
certtransparency-1           | 172.19.0.2 - - [29/Aug/2025:07:27:06 +0000] "GET /api/v1/statistics HTTP/1.1" 200 305 "-" "python-requests/2.32.5"
tiny-oidc-1                  | INFO:werkzeug:::ffff:127.0.0.1 - - [29/Aug/2025 07:03:23] "GET /health HTTP/1.1" 200 -
signing-1                    | [2025-08-29 07:27:15,227] ERROR in __init__: Certificate Transparency service error during revocation: Failed to communicate with CT service: 500 Server Error: INTERNAL SERVER ERROR for url: http://certtransparency:8800/api/v1/certificates/064BC207CA6D8A5674CC8814733220FE59D2E6377BAF092CE5EB0BAFAC793EFC/revoke
frontend-1                   | 172.19.0.1 - - [29/Aug/2025:07:22:55 +0000] "GET / HTTP/1.1" 200 2827 "http://tiny-oidc:8000/" "Mozilla/5.0 (X11; Linux x86_64) AppleWebKit/537.36 (KHTML, like Gecko) HeadlessChrome/130.0.6723.31 Safari/537.36"
signing-1                    | 172.19.0.2 - - [29/Aug/2025:07:27:15 +0000] "POST /api/v1/revoke-certificate HTTP/1.1" 503 57 "-" "python-requests/2.32.5"
frontend-1                   | 172.19.0.1 - - [29/Aug/2025:07:22:55 +0000] "GET /assets/main.css HTTP/1.1" 200 0 "http://localhost/" "Mozilla/5.0 (X11; Linux x86_64) AppleWebKit/537.36 (KHTML, like Gecko) HeadlessChrome/130.0.6723.31 Safari/537.36"
signing-1                    | 172.19.0.2 - - [29/Aug/2025:07:28:07 +0000] "POST /api/v1/sign-csr HTTP/1.1" 200 653 "-" "python-requests/2.32.5"
frontend-1                   | [2025-08-29 07:22:56,425] DEBUG in decorators: Checking if admin is required
signing-1                    | 172.19.0.2 - - [29/Aug/2025:07:28:12 +0000] "POST /api/v1/sign-csr HTTP/1.1" 200 653 "-" "python-requests/2.32.5"
frontend-1                   | [2025-08-29 07:22:56,425] DEBUG in decorators: User groups are: Admins,Users,service_admins
frontend-1                   | [2025-08-29 07:22:56,425] DEBUG in decorators: Admin group is: Admins
frontend-1                   | [2025-08-29 07:22:56,454] DEBUG in render_template: render_template(template=admin/certificates.html, {'certificates': [{'action_type': 'issued', 'certificate_purpose': 'User certificate for finance@example.org-1756452110', 'certificate_type': 'client', 'fingerprint_sha256': '2AEF75C48E267D7FECFABE9EA3546D0079721CF0B0C6CB3947E20B63B7EC2EBD', 'id': 1, 'issued_at': '2025-08-29T07:21:50.117248', 'issued_by_service': 'signing_service', 'issuer': {'common_name': '2025-08-08.openvpn.example.org', 'organization': 'OpenVPN Service'}, 'issuing_user_id': 'accounts', 'log_timestamp': '2025-08-29T07:21:50.117245', 'public_key': {'algorithm': 'Ed25519', 'size': None}, 'request_source': '172.19.0.4', 'serial_number': '6DB9C53FA7C2E96BDFCCC73355540DBA98B457AC', 'signature_algorithm': 'ed25519', 'subject': {'common_name': 'finance@example.org-1756452110', 'country': 'GB', 'locality': 'London', 'organization': 'VPN Service', 'organizational_unit': None, 'state': 'England'}, 'validity': {'not_after': '2026-08-29T07:21:50', 'not_before': '2025-08-29T07:21:50'}}], 'pagination': {'has_next': False, 'has_prev': False, 'page': 1, 'pages': 1, 'per_page': 50, 'total': 1}, 'filters': {'fingerprint': None, 'from_date': None, 'include_revoked': True, 'issuer': None, 'serial': None, 'subject': None, 'to_date': None, 'type': None}, 'stats': {'by_status': {'active': 1, 'revoked': 0}, 'by_type': {'client': 1, 'intermediate': 0, 'server': 0}, 'generated_at': '2025-08-29T07:22:56.453275+00:00', 'recent_activity': {'expiring_next_30_days': 0, 'issued_last_30_days': 1}, 'total_certificates': 1}, 'current_page': 1})
frontend-1                   | 172.19.0.1 - - [29/Aug/2025:07:22:56 +0000] "GET /admin/certificates HTTP/1.1" 200 23592 "http://localhost/" "Mozilla/5.0 (X11; Linux x86_64) AppleWebKit/537.36 (KHTML, like Gecko) HeadlessChrome/130.0.6723.31 Safari/537.36"
frontend-1                   | 172.19.0.1 - - [29/Aug/2025:07:22:56 +0000] "GET /assets/main.css HTTP/1.1" 304 0 "http://localhost/admin/certificates" "Mozilla/5.0 (X11; Linux x86_64) AppleWebKit/537.36 (KHTML, like Gecko) HeadlessChrome/130.0.6723.31 Safari/537.36"
frontend-1                   | 172.19.0.1 - - [29/Aug/2025:07:22:57 +0000] "GET /auth/logout HTTP/1.1" 302 189 "-" "Mozilla/5.0 (X11; Linux x86_64) AppleWebKit/537.36 (KHTML, like Gecko) HeadlessChrome/130.0.6723.31 Safari/537.36"
frontend-1                   | 172.19.0.1 - - [29/Aug/2025:07:22:57 +0000] "GET / HTTP/1.1" 302 209 "-" "Mozilla/5.0 (X11; Linux x86_64) AppleWebKit/537.36 (KHTML, like Gecko) HeadlessChrome/130.0.6723.31 Safari/537.36"
frontend-1                   | 172.19.0.1 - - [29/Aug/2025:07:22:57 +0000] "GET /auth/login HTTP/1.1" 302 709 "-" "Mozilla/5.0 (X11; Linux x86_64) AppleWebKit/537.36 (KHTML, like Gecko) HeadlessChrome/130.0.6723.31 Safari/537.36"
frontend-1                   | 172.19.0.1 - - [29/Aug/2025:07:22:59 +0000] "GET /auth/logout HTTP/1.1" 302 189 "-" "Mozilla/5.0 (X11; Linux x86_64) AppleWebKit/537.36 (KHTML, like Gecko) HeadlessChrome/130.0.6723.31 Safari/537.36"
frontend-1                   | 172.19.0.1 - - [29/Aug/2025:07:22:59 +0000] "GET / HTTP/1.1" 302 209 "-" "Mozilla/5.0 (X11; Linux x86_64) AppleWebKit/537.36 (KHTML, like Gecko) HeadlessChrome/130.0.6723.31 Safari/537.36"
frontend-1                   | 172.19.0.1 - - [29/Aug/2025:07:22:59 +0000] "GET /auth/login HTTP/1.1" 302 709 "-" "Mozilla/5.0 (X11; Linux x86_64) AppleWebKit/537.36 (KHTML, like Gecko) HeadlessChrome/130.0.6723.31 Safari/537.36"
signing-1                    | 172.19.0.2 - - [29/Aug/2025:07:28:17 +0000] "POST /api/v1/sign-csr HTTP/1.1" 200 653 "-" "python-requests/2.32.5"
frontend-1                   | 172.19.0.1 - - [29/Aug/2025:07:23:00 +0000] "GET / HTTP/1.1" 302 209 "-" "Mozilla/5.0 (X11; Linux x86_64) AppleWebKit/537.36 (KHTML, like Gecko) HeadlessChrome/130.0.6723.31 Safari/537.36"
signing-1                    | 172.19.0.2 - - [29/Aug/2025:07:31:19 +0000] "POST /api/v1/sign-csr HTTP/1.1" 200 653 "-" "python-requests/2.32.5"
tiny-oidc-1                  | INFO:root:None: GET: /health
signing-1                    | 172.19.0.2 - - [29/Aug/2025:07:31:37 +0000] "POST /api/v1/sign-csr HTTP/1.1" 200 653 "-" "python-requests/2.32.5"
tiny-oidc-1                  | INFO:werkzeug:::ffff:127.0.0.1 - - [29/Aug/2025 07:03:28] "GET /health HTTP/1.1" 200 -
signing-1                    | [2025-08-29 07:31:41,661] ERROR in certtransparency_client: Failed to revoke certificate in CT service: 500 Server Error: INTERNAL SERVER ERROR for url: http://certtransparency:8800/api/v1/certificates/9697B8726E9ADC55B399FD1120424F52214C9610F1A7B4D0B232AA9DFF349E02/revoke
certtransparency-1           | [2025-08-29 07:27:12,569] DEBUG in decorators: API authentication successful for request from 172.19.0.4
frontend-1                   | 172.19.0.1 - - [29/Aug/2025:07:23:00 +0000] "GET /auth/login HTTP/1.1" 302 709 "-" "Mozilla/5.0 (X11; Linux x86_64) AppleWebKit/537.36 (KHTML, like Gecko) HeadlessChrome/130.0.6723.31 Safari/537.36"
certtransparency-1           | 172.19.0.4 - - [29/Aug/2025:07:27:12 +0000] "POST /api/v1/certificates HTTP/1.1" 201 1276 "-" "python-requests/2.32.5"
certtransparency-1           | 172.19.0.2 - - [29/Aug/2025:07:27:14 +0000] "GET /api/v1/certificates?page=1&limit=100&include_revoked=True HTTP/1.1" 200 9736 "-" "python-requests/2.32.5"
signing-1                    | [2025-08-29 07:31:41,661] ERROR in __init__: Certificate Transparency service error during revocation: Failed to communicate with CT service: 500 Server Error: INTERNAL SERVER ERROR for url: http://certtransparency:8800/api/v1/certificates/9697B8726E9ADC55B399FD1120424F52214C9610F1A7B4D0B232AA9DFF349E02/revoke
signing-1                    | 172.19.0.2 - - [29/Aug/2025:07:31:41 +0000] "POST /api/v1/revoke-certificate HTTP/1.1" 503 57 "-" "python-requests/2.32.5"
signing-1                    | 172.19.0.2 - - [29/Aug/2025:07:32:02 +0000] "POST /api/v1/sign-csr HTTP/1.1" 200 657 "-" "python-requests/2.32.5"
signing-1                    | 172.19.0.2 - - [29/Aug/2025:07:32:10 +0000] "POST /api/v1/revoke-certificate HTTP/1.1" 400 213 "-" "python-requests/2.32.5"
signing-1                    | 172.19.0.2 - - [29/Aug/2025:07:32:20 +0000] "POST /api/v1/sign-csr HTTP/1.1" 200 657 "-" "python-requests/2.32.5"
signing-1                    | 172.19.0.2 - - [29/Aug/2025:07:32:43 +0000] "POST /api/v1/generate-crl HTTP/1.1" 200 290 "-" "python-requests/2.32.5"
signing-1                    | 172.19.0.2 - - [29/Aug/2025:07:32:46 +0000] "POST /api/v1/generate-crl HTTP/1.1" 200 290 "-" "python-requests/2.32.5"
signing-1                    | 172.19.0.2 - - [29/Aug/2025:07:32:49 +0000] "POST /api/v1/generate-crl HTTP/1.1" 200 290 "-" "python-requests/2.32.5"
signing-1                    | 172.19.0.2 - - [29/Aug/2025:07:32:53 +0000] "POST /api/v1/generate-crl HTTP/1.1" 200 290 "-" "python-requests/2.32.5"
signing-1                    | 172.19.0.2 - - [29/Aug/2025:07:32:56 +0000] "POST /api/v1/generate-crl HTTP/1.1" 200 290 "-" "python-requests/2.32.5"
signing-1                    | 172.19.0.2 - - [29/Aug/2025:07:33:07 +0000] "POST /api/v1/sign-csr HTTP/1.1" 200 657 "-" "python-requests/2.32.5"
signing-1                    | 172.19.0.2 - - [29/Aug/2025:07:33:20 +0000] "POST /api/v1/sign-csr HTTP/1.1" 200 657 "-" "python-requests/2.32.5"
signing-1                    | 172.19.0.2 - - [29/Aug/2025:07:33:33 +0000] "POST /api/v1/sign-csr HTTP/1.1" 200 657 "-" "python-requests/2.32.5"
signing-1                    | [2025-08-29 07:33:35,927] ERROR in certtransparency_client: Failed to revoke certificate in CT service: 500 Server Error: INTERNAL SERVER ERROR for url: http://certtransparency:8800/api/v1/certificates/12134D2CD15B2D0F2354807A90D20EB9E53858B2B7B49B6944525785AD4B6DBE/revoke
certtransparency-1           | 172.19.0.2 - - [29/Aug/2025:07:27:15 +0000] "GET /api/v1/certificates/064BC207CA6D8A5674CC8814733220FE59D2E6377BAF092CE5EB0BAFAC793EFC?include_pem=true HTTP/1.1" 200 1789 "-" "python-requests/2.32.5"
signing-1                    | [2025-08-29 07:33:35,927] ERROR in __init__: Certificate Transparency service error during revocation: Failed to communicate with CT service: 500 Server Error: INTERNAL SERVER ERROR for url: http://certtransparency:8800/api/v1/certificates/12134D2CD15B2D0F2354807A90D20EB9E53858B2B7B49B6944525785AD4B6DBE/revoke
certtransparency-1           | 172.19.0.4 - - [29/Aug/2025:07:27:15 +0000] "GET /api/v1/certificates/064BC207CA6D8A5674CC8814733220FE59D2E6377BAF092CE5EB0BAFAC793EFC HTTP/1.1" 200 1789 "-" "python-requests/2.32.5"
certtransparency-1           | [2025-08-29 07:27:15,225] DEBUG in decorators: API authentication successful for request from 172.19.0.4
signing-1                    | 172.19.0.2 - - [29/Aug/2025:07:33:35 +0000] "POST /api/v1/revoke-certificate HTTP/1.1" 503 57 "-" "python-requests/2.32.5"
tiny-oidc-1                  | INFO:root:None: GET: /health
tiny-oidc-1                  | INFO:werkzeug:::ffff:127.0.0.1 - - [29/Aug/2025 07:03:33] "GET /health HTTP/1.1" 200 -
signing-1                    | 172.19.0.2 - - [29/Aug/2025:07:34:30 +0000] "POST /api/v1/sign-csr HTTP/1.1" 200 653 "-" "python-requests/2.32.5"
frontend-1                   | [2025-08-29 07:23:01,000] INFO in auth: Login from {'email': 'admin@example.org', 'family_name': 'Administrator', 'given_name': 'Joe', 'groups': 'Admins,Users,service_admins', 'name': 'TheBOFH', 'preferred_username': 'admin@example.org', 'sub': 'admin'}
signing-1                    | 172.19.0.2 - - [29/Aug/2025:07:34:35 +0000] "POST /api/v1/sign-csr HTTP/1.1" 200 653 "-" "python-requests/2.32.5"
certtransparency-1           | 172.19.0.4 - - [29/Aug/2025:07:27:15 +0000] "POST /api/v1/certificates/064BC207CA6D8A5674CC8814733220FE59D2E6377BAF092CE5EB0BAFAC793EFC/revoke HTTP/1.1" 500 116 "-" "python-requests/2.32.5"
certtransparency-1           | 127.0.0.1 - - [29/Aug/2025:07:27:26 +0000] "GET /health HTTP/1.1" 200 116 "-" "python-requests/2.32.5"
signing-1                    | 172.19.0.2 - - [29/Aug/2025:07:34:40 +0000] "POST /api/v1/sign-csr HTTP/1.1" 200 653 "-" "python-requests/2.32.5"
frontend-1                   | 172.19.0.1 - - [29/Aug/2025:07:23:01 +0000] "GET /auth/callback?code=40a5e9fa-0168-44cc-b004-e7593b09731c&state=5zLPGMlRY8w9bvgMPDaxfyJJOUitio HTTP/1.1" 302 189 "http://tiny-oidc:8000/" "Mozilla/5.0 (X11; Linux x86_64) AppleWebKit/537.36 (KHTML, like Gecko) HeadlessChrome/130.0.6723.31 Safari/537.36"
frontend-1                   | [2025-08-29 07:23:01,006] DEBUG in render_template: render_template(template=index.html, {})
frontend-1                   | 172.19.0.1 - - [29/Aug/2025:07:23:01 +0000] "GET / HTTP/1.1" 200 2827 "http://tiny-oidc:8000/" "Mozilla/5.0 (X11; Linux x86_64) AppleWebKit/537.36 (KHTML, like Gecko) HeadlessChrome/130.0.6723.31 Safari/537.36"
frontend-1                   | 172.19.0.1 - - [29/Aug/2025:07:23:01 +0000] "GET /assets/main.css HTTP/1.1" 200 0 "http://localhost/" "Mozilla/5.0 (X11; Linux x86_64) AppleWebKit/537.36 (KHTML, like Gecko) HeadlessChrome/130.0.6723.31 Safari/537.36"
certtransparency-1           | 127.0.0.1 - - [29/Aug/2025:07:27:56 +0000] "GET /health HTTP/1.1" 200 116 "-" "python-requests/2.32.5"
certtransparency-1           | [2025-08-29 07:28:07,699] DEBUG in decorators: API authentication successful for request from 172.19.0.4
certtransparency-1           | 172.19.0.4 - - [29/Aug/2025:07:28:07 +0000] "POST /api/v1/certificates HTTP/1.1" 201 1269 "-" "python-requests/2.32.5"
certtransparency-1           | [2025-08-29 07:28:12,600] DEBUG in decorators: API authentication successful for request from 172.19.0.4
certtransparency-1           | 172.19.0.4 - - [29/Aug/2025:07:28:12 +0000] "POST /api/v1/certificates HTTP/1.1" 201 1270 "-" "python-requests/2.32.5"
certtransparency-1           | [2025-08-29 07:28:17,482] DEBUG in decorators: API authentication successful for request from 172.19.0.4
certtransparency-1           | 172.19.0.4 - - [29/Aug/2025:07:28:17 +0000] "POST /api/v1/certificates HTTP/1.1" 201 1270 "-" "python-requests/2.32.5"
certtransparency-1           | 127.0.0.1 - - [29/Aug/2025:07:28:26 +0000] "GET /health HTTP/1.1" 200 116 "-" "python-requests/2.32.5"
certtransparency-1           | 127.0.0.1 - - [29/Aug/2025:07:28:56 +0000] "GET /health HTTP/1.1" 200 116 "-" "python-requests/2.32.5"
certtransparency-1           | 172.19.0.2 - - [29/Aug/2025:07:29:07 +0000] "GET /api/v1/certificates?page=1&limit=50 HTTP/1.1" 200 13239 "-" "python-requests/2.32.5"
frontend-1                   | [2025-08-29 07:23:01,534] DEBUG in decorators: Checking if admin is required
frontend-1                   | [2025-08-29 07:23:01,534] DEBUG in decorators: User groups are: Admins,Users,service_admins
frontend-1                   | [2025-08-29 07:23:01,534] DEBUG in decorators: Admin group is: Admins
frontend-1                   | [2025-08-29 07:23:01,564] DEBUG in render_template: render_template(template=admin/certificates.html, {'certificates': [{'action_type': 'issued', 'certificate_purpose': 'User certificate for finance@example.org-1756452110', 'certificate_type': 'client', 'fingerprint_sha256': '2AEF75C48E267D7FECFABE9EA3546D0079721CF0B0C6CB3947E20B63B7EC2EBD', 'id': 1, 'issued_at': '2025-08-29T07:21:50.117248', 'issued_by_service': 'signing_service', 'issuer': {'common_name': '2025-08-08.openvpn.example.org', 'organization': 'OpenVPN Service'}, 'issuing_user_id': 'accounts', 'log_timestamp': '2025-08-29T07:21:50.117245', 'public_key': {'algorithm': 'Ed25519', 'size': None}, 'request_source': '172.19.0.4', 'serial_number': '6DB9C53FA7C2E96BDFCCC73355540DBA98B457AC', 'signature_algorithm': 'ed25519', 'subject': {'common_name': 'finance@example.org-1756452110', 'country': 'GB', 'locality': 'London', 'organization': 'VPN Service', 'organizational_unit': None, 'state': 'England'}, 'validity': {'not_after': '2026-08-29T07:21:50', 'not_before': '2025-08-29T07:21:50'}}], 'pagination': {'has_next': False, 'has_prev': False, 'page': 1, 'pages': 1, 'per_page': 50, 'total': 1}, 'filters': {'fingerprint': None, 'from_date': None, 'include_revoked': True, 'issuer': None, 'serial': None, 'subject': None, 'to_date': None, 'type': None}, 'stats': {'by_status': {'active': 1, 'revoked': 0}, 'by_type': {'client': 1, 'intermediate': 0, 'server': 0}, 'generated_at': '2025-08-29T07:23:01.563921+00:00', 'recent_activity': {'expiring_next_30_days': 0, 'issued_last_30_days': 1}, 'total_certificates': 1}, 'current_page': 1})
tiny-oidc-1                  | INFO:root:None: GET: /health
tiny-oidc-1                  | INFO:werkzeug:::ffff:127.0.0.1 - - [29/Aug/2025 07:03:38] "GET /health HTTP/1.1" 200 -
tiny-oidc-1                  | INFO:root:None: GET: /health
tiny-oidc-1                  | INFO:werkzeug:::ffff:127.0.0.1 - - [29/Aug/2025 07:03:43] "GET /health HTTP/1.1" 200 -
tiny-oidc-1                  | INFO:root:None: GET: /health
tiny-oidc-1                  | INFO:werkzeug:::ffff:127.0.0.1 - - [29/Aug/2025 07:03:48] "GET /health HTTP/1.1" 200 -
tiny-oidc-1                  | INFO:root:None: GET: /health
tiny-oidc-1                  | INFO:werkzeug:::ffff:127.0.0.1 - - [29/Aug/2025 07:03:53] "GET /health HTTP/1.1" 200 -
tiny-oidc-1                  | INFO:root:None: GET: /health
tiny-oidc-1                  | INFO:werkzeug:::ffff:127.0.0.1 - - [29/Aug/2025 07:03:59] "GET /health HTTP/1.1" 200 -
tiny-oidc-1                  | INFO:root:None: GET: /health
certtransparency-1           | 172.19.0.2 - - [29/Aug/2025:07:29:07 +0000] "GET /api/v1/statistics HTTP/1.1" 200 309 "-" "python-requests/2.32.5"
certtransparency-1           | 172.19.0.2 - - [29/Aug/2025:07:29:13 +0000] "GET /api/v1/certificates?page=1&limit=50 HTTP/1.1" 200 13239 "-" "python-requests/2.32.5"
certtransparency-1           | 172.19.0.2 - - [29/Aug/2025:07:29:13 +0000] "GET /api/v1/statistics HTTP/1.1" 200 309 "-" "python-requests/2.32.5"
tiny-oidc-1                  | INFO:werkzeug:::ffff:127.0.0.1 - - [29/Aug/2025 07:04:04] "GET /health HTTP/1.1" 200 -
certtransparency-1           | 172.19.0.2 - - [29/Aug/2025:07:29:18 +0000] "GET /api/v1/certificates?page=1&limit=50 HTTP/1.1" 200 13239 "-" "python-requests/2.32.5"
tiny-oidc-1                  | INFO:root:None: GET: /health
certtransparency-1           | 172.19.0.2 - - [29/Aug/2025:07:29:18 +0000] "GET /api/v1/statistics HTTP/1.1" 200 309 "-" "python-requests/2.32.5"
tiny-oidc-1                  | INFO:werkzeug:::ffff:127.0.0.1 - - [29/Aug/2025 07:04:09] "GET /health HTTP/1.1" 200 -
tiny-oidc-1                  | INFO:root:None: GET: /health
certtransparency-1           | 172.19.0.2 - - [29/Aug/2025:07:29:19 +0000] "GET /api/v1/certificates?page=1&limit=50&type=client&subject=test%40example.com HTTP/1.1" 200 374 "-" "python-requests/2.32.5"
tiny-oidc-1                  | INFO:werkzeug:::ffff:127.0.0.1 - - [29/Aug/2025 07:04:14] "GET /health HTTP/1.1" 200 -
certtransparency-1           | 172.19.0.2 - - [29/Aug/2025:07:29:19 +0000] "GET /api/v1/statistics HTTP/1.1" 200 309 "-" "python-requests/2.32.5"
certtransparency-1           | 172.19.0.2 - - [29/Aug/2025:07:29:24 +0000] "GET /api/v1/certificates?page=1&limit=50 HTTP/1.1" 200 13239 "-" "python-requests/2.32.5"
certtransparency-1           | 172.19.0.2 - - [29/Aug/2025:07:29:24 +0000] "GET /api/v1/statistics HTTP/1.1" 200 309 "-" "python-requests/2.32.5"
frontend-1                   | 172.19.0.1 - - [29/Aug/2025:07:23:01 +0000] "GET /admin/certificates HTTP/1.1" 200 23592 "-" "Mozilla/5.0 (X11; Linux x86_64) AppleWebKit/537.36 (KHTML, like Gecko) HeadlessChrome/130.0.6723.31 Safari/537.36"
frontend-1                   | 172.19.0.1 - - [29/Aug/2025:07:23:01 +0000] "GET /assets/main.css HTTP/1.1" 304 0 "http://localhost/admin/certificates" "Mozilla/5.0 (X11; Linux x86_64) AppleWebKit/537.36 (KHTML, like Gecko) HeadlessChrome/130.0.6723.31 Safari/537.36"
frontend-1                   | 172.19.0.1 - - [29/Aug/2025:07:23:02 +0000] "GET /auth/logout HTTP/1.1" 302 189 "-" "Mozilla/5.0 (X11; Linux x86_64) AppleWebKit/537.36 (KHTML, like Gecko) HeadlessChrome/130.0.6723.31 Safari/537.36"
frontend-1                   | 172.19.0.1 - - [29/Aug/2025:07:23:02 +0000] "GET / HTTP/1.1" 302 209 "-" "Mozilla/5.0 (X11; Linux x86_64) AppleWebKit/537.36 (KHTML, like Gecko) HeadlessChrome/130.0.6723.31 Safari/537.36"
frontend-1                   | 172.19.0.1 - - [29/Aug/2025:07:23:02 +0000] "GET /auth/login HTTP/1.1" 302 709 "-" "Mozilla/5.0 (X11; Linux x86_64) AppleWebKit/537.36 (KHTML, like Gecko) HeadlessChrome/130.0.6723.31 Safari/537.36"
frontend-1                   | 172.19.0.1 - - [29/Aug/2025:07:23:04 +0000] "GET /auth/logout HTTP/1.1" 302 189 "-" "Mozilla/5.0 (X11; Linux x86_64) AppleWebKit/537.36 (KHTML, like Gecko) HeadlessChrome/130.0.6723.31 Safari/537.36"
frontend-1                   | 172.19.0.1 - - [29/Aug/2025:07:23:04 +0000] "GET / HTTP/1.1" 302 209 "-" "Mozilla/5.0 (X11; Linux x86_64) AppleWebKit/537.36 (KHTML, like Gecko) HeadlessChrome/130.0.6723.31 Safari/537.36"
frontend-1                   | 172.19.0.1 - - [29/Aug/2025:07:23:04 +0000] "GET /auth/login HTTP/1.1" 302 709 "-" "Mozilla/5.0 (X11; Linux x86_64) AppleWebKit/537.36 (KHTML, like Gecko) HeadlessChrome/130.0.6723.31 Safari/537.36"
frontend-1                   | 172.19.0.1 - - [29/Aug/2025:07:23:05 +0000] "GET / HTTP/1.1" 302 209 "-" "Mozilla/5.0 (X11; Linux x86_64) AppleWebKit/537.36 (KHTML, like Gecko) HeadlessChrome/130.0.6723.31 Safari/537.36"
frontend-1                   | 172.19.0.1 - - [29/Aug/2025:07:23:05 +0000] "GET /auth/login HTTP/1.1" 302 709 "-" "Mozilla/5.0 (X11; Linux x86_64) AppleWebKit/537.36 (KHTML, like Gecko) HeadlessChrome/130.0.6723.31 Safari/537.36"
frontend-1                   | [2025-08-29 07:23:06,122] INFO in auth: Login from {'email': 'admin@example.org', 'family_name': 'Administrator', 'given_name': 'Joe', 'groups': 'Admins,Users,service_admins', 'name': 'TheBOFH', 'preferred_username': 'admin@example.org', 'sub': 'admin'}
frontend-1                   | 172.19.0.1 - - [29/Aug/2025:07:23:06 +0000] "GET /auth/callback?code=40a5e9fa-0168-44cc-b004-e7593b09731c&state=nc0gQO4hRpw2yrd5oVfQVfl8nk6UGz HTTP/1.1" 302 189 "http://tiny-oidc:8000/" "Mozilla/5.0 (X11; Linux x86_64) AppleWebKit/537.36 (KHTML, like Gecko) HeadlessChrome/130.0.6723.31 Safari/537.36"
frontend-1                   | [2025-08-29 07:23:06,129] DEBUG in render_template: render_template(template=index.html, {})
frontend-1                   | 172.19.0.1 - - [29/Aug/2025:07:23:06 +0000] "GET / HTTP/1.1" 200 2827 "http://tiny-oidc:8000/" "Mozilla/5.0 (X11; Linux x86_64) AppleWebKit/537.36 (KHTML, like Gecko) HeadlessChrome/130.0.6723.31 Safari/537.36"
frontend-1                   | 172.19.0.1 - - [29/Aug/2025:07:23:06 +0000] "GET /assets/main.css HTTP/1.1" 200 0 "http://localhost/" "Mozilla/5.0 (X11; Linux x86_64) AppleWebKit/537.36 (KHTML, like Gecko) HeadlessChrome/130.0.6723.31 Safari/537.36"
frontend-1                   | [2025-08-29 07:23:06,652] DEBUG in decorators: Checking if admin is required
certtransparency-1           | 127.0.0.1 - - [29/Aug/2025:07:29:26 +0000] "GET /health HTTP/1.1" 200 116 "-" "python-requests/2.32.5"
frontend-1                   | [2025-08-29 07:23:06,652] DEBUG in decorators: User groups are: Admins,Users,service_admins
frontend-1                   | [2025-08-29 07:23:06,653] DEBUG in decorators: Admin group is: Admins
certtransparency-1           | 172.19.0.2 - - [29/Aug/2025:07:29:29 +0000] "GET /api/v1/certificates?page=1&limit=50 HTTP/1.1" 200 13239 "-" "python-requests/2.32.5"
